core_cm3.h:1876:26:ITM_SendChar	16	static,ignoring_inline_asm
main.c:95:6:selectMux	32	static
main.c:106:6:enableMux	16	static
main.c:110:6:disableMux	16	static
main.c:114:6:logSDCard	16	static
main.c:118:6:ADC_Select_CH3	24	static
main.c:132:6:ADC_Select_CH9	24	static
main.c:147:7:read3V3	16	static
main.c:157:5:readPressure	16	static
main.c:166:6:belowVoltageThresh	16	static
main.c:181:6:wifi_init	88	static
main.c:210:6:sendToDatabase	4	static
main.c:229:5:main	8232	static
main.c:375:6:SystemClock_Config	80	static
main.c:418:13:MX_ADC_Init	24	static
main.c:479:13:MX_I2C1_Init	8	static
main.c:513:13:MX_SPI2_Init	8	static
main.c:551:13:MX_USART3_UART_Init	8	static
main.c:584:13:MX_GPIO_Init	48	static
main.c:664:5:_write	32	static
main.c:678:6:Error_Handler	4	static,ignoring_inline_asm
