core_cm3.h:1876:26:ITM_SendChar	16	static,ignoring_inline_asm
main.c:86:5:_write	32	static
main.c:114:6:selectMux	32	static
main.c:125:6:enableMux	16	static
main.c:129:6:disableMux	16	static
main.c:133:6:logSDCard	16	static
main.c:137:6:ADC_Select_CH3	24	static
main.c:151:6:ADC_Select_CH9	24	static
main.c:166:7:read3V3	16	static
main.c:176:5:readPressure	16	static
main.c:185:6:belowVoltageThresh	16	static
main.c:200:6:wifi_init	88	static
main.c:229:6:sendToDatabase	4	static
main.c:237:5:main	8216	static
main.c:369:6:SystemClock_Config	80	static
main.c:412:13:MX_ADC_Init	24	static
main.c:473:13:MX_I2C1_Init	8	static
main.c:507:13:MX_SPI2_Init	8	static
main.c:545:13:MX_USART3_UART_Init	8	static
main.c:578:13:MX_GPIO_Init	48	static
main.c:664:6:Error_Handler	4	static,ignoring_inline_asm
