stm32l1xx_it.c:58:6:SDTimer_Handler	4	static
stm32l1xx_it.c:83:6:NMI_Handler	4	static
stm32l1xx_it.c:98:6:HardFault_Handler	4	static
stm32l1xx_it.c:113:6:MemManage_Handler	4	static
stm32l1xx_it.c:128:6:BusFault_Handler	4	static
stm32l1xx_it.c:143:6:UsageFault_Handler	4	static
stm32l1xx_it.c:158:6:SVC_Handler	4	static
stm32l1xx_it.c:171:6:DebugMon_Handler	4	static
stm32l1xx_it.c:184:6:PendSV_Handler	4	static
stm32l1xx_it.c:197:6:SysTick_Handler	8	static
stm32l1xx_it.c:224:6:RCC_IRQHandler	4	static
stm32l1xx_it.c:237:6:I2C1_EV_IRQHandler	8	static
stm32l1xx_it.c:251:6:I2C1_ER_IRQHandler	8	static
stm32l1xx_it.c:265:6:SPI2_IRQHandler	8	static
stm32l1xx_it.c:279:6:USART3_IRQHandler	8	static
