stm32l1xx_it.c:75:6:NMI_Handler	4	static
stm32l1xx_it.c:90:6:HardFault_Handler	4	static
stm32l1xx_it.c:105:6:MemManage_Handler	4	static
stm32l1xx_it.c:120:6:BusFault_Handler	4	static
stm32l1xx_it.c:135:6:UsageFault_Handler	4	static
stm32l1xx_it.c:150:6:SVC_Handler	4	static
stm32l1xx_it.c:163:6:DebugMon_Handler	4	static
stm32l1xx_it.c:176:6:PendSV_Handler	4	static
stm32l1xx_it.c:189:6:SysTick_Handler	8	static
stm32l1xx_it.c:214:6:RCC_IRQHandler	4	static
stm32l1xx_it.c:227:6:I2C1_EV_IRQHandler	8	static
stm32l1xx_it.c:241:6:I2C1_ER_IRQHandler	8	static
stm32l1xx_it.c:255:6:SPI2_IRQHandler	8	static
stm32l1xx_it.c:269:6:USART3_IRQHandler	8	static
