Archive member included to satisfy reference by file (symbol)

c:/st/stm32cubeide_1.8.0/stm32cubeide/plugins/com.st.stm32cube.ide.mcu.externaltools.gnu-tools-for-stm32.9-2020-q2-update.win32_2.0.0.202105311346/tools/bin/../lib/gcc/arm-none-eabi/9.3.1/../../../../arm-none-eabi/lib/thumb/v7-m/nofp\libc_nano.a(lib_a-errno.o)
                              ./Core/Src/syscalls.o (__errno)
c:/st/stm32cubeide_1.8.0/stm32cubeide/plugins/com.st.stm32cube.ide.mcu.externaltools.gnu-tools-for-stm32.9-2020-q2-update.win32_2.0.0.202105311346/tools/bin/../lib/gcc/arm-none-eabi/9.3.1/../../../../arm-none-eabi/lib/thumb/v7-m/nofp\libc_nano.a(lib_a-exit.o)
                              c:/st/stm32cubeide_1.8.0/stm32cubeide/plugins/com.st.stm32cube.ide.mcu.externaltools.gnu-tools-for-stm32.9-2020-q2-update.win32_2.0.0.202105311346/tools/bin/../lib/gcc/arm-none-eabi/9.3.1/../../../../arm-none-eabi/lib/thumb/v7-m/nofp/crt0.o (exit)
c:/st/stm32cubeide_1.8.0/stm32cubeide/plugins/com.st.stm32cube.ide.mcu.externaltools.gnu-tools-for-stm32.9-2020-q2-update.win32_2.0.0.202105311346/tools/bin/../lib/gcc/arm-none-eabi/9.3.1/../../../../arm-none-eabi/lib/thumb/v7-m/nofp\libc_nano.a(lib_a-impure.o)
                              c:/st/stm32cubeide_1.8.0/stm32cubeide/plugins/com.st.stm32cube.ide.mcu.externaltools.gnu-tools-for-stm32.9-2020-q2-update.win32_2.0.0.202105311346/tools/bin/../lib/gcc/arm-none-eabi/9.3.1/../../../../arm-none-eabi/lib/thumb/v7-m/nofp\libc_nano.a(lib_a-exit.o) (_global_impure_ptr)
c:/st/stm32cubeide_1.8.0/stm32cubeide/plugins/com.st.stm32cube.ide.mcu.externaltools.gnu-tools-for-stm32.9-2020-q2-update.win32_2.0.0.202105311346/tools/bin/../lib/gcc/arm-none-eabi/9.3.1/../../../../arm-none-eabi/lib/thumb/v7-m/nofp\libc_nano.a(lib_a-init.o)
                              c:/st/stm32cubeide_1.8.0/stm32cubeide/plugins/com.st.stm32cube.ide.mcu.externaltools.gnu-tools-for-stm32.9-2020-q2-update.win32_2.0.0.202105311346/tools/bin/../lib/gcc/arm-none-eabi/9.3.1/../../../../arm-none-eabi/lib/thumb/v7-m/nofp/crt0.o (__libc_init_array)
c:/st/stm32cubeide_1.8.0/stm32cubeide/plugins/com.st.stm32cube.ide.mcu.externaltools.gnu-tools-for-stm32.9-2020-q2-update.win32_2.0.0.202105311346/tools/bin/../lib/gcc/arm-none-eabi/9.3.1/../../../../arm-none-eabi/lib/thumb/v7-m/nofp\libc_nano.a(lib_a-memset.o)
                              c:/st/stm32cubeide_1.8.0/stm32cubeide/plugins/com.st.stm32cube.ide.mcu.externaltools.gnu-tools-for-stm32.9-2020-q2-update.win32_2.0.0.202105311346/tools/bin/../lib/gcc/arm-none-eabi/9.3.1/../../../../arm-none-eabi/lib/thumb/v7-m/nofp/crt0.o (memset)
c:/st/stm32cubeide_1.8.0/stm32cubeide/plugins/com.st.stm32cube.ide.mcu.externaltools.gnu-tools-for-stm32.9-2020-q2-update.win32_2.0.0.202105311346/tools/bin/../lib/gcc/arm-none-eabi/9.3.1/../../../../arm-none-eabi/lib/thumb/v7-m/nofp\libc_nano.a(lib_a-strlen.o)
                              ./Core/Src/UartRingbuffer.o (strlen)
c:/st/stm32cubeide_1.8.0/stm32cubeide/plugins/com.st.stm32cube.ide.mcu.externaltools.gnu-tools-for-stm32.9-2020-q2-update.win32_2.0.0.202105311346/tools/bin/../lib/gcc/arm-none-eabi/9.3.1/thumb/v7-m/nofp\libgcc.a(_arm_mulsf3.o)
                              ./Core/Src/main.o (__aeabi_fmul)
c:/st/stm32cubeide_1.8.0/stm32cubeide/plugins/com.st.stm32cube.ide.mcu.externaltools.gnu-tools-for-stm32.9-2020-q2-update.win32_2.0.0.202105311346/tools/bin/../lib/gcc/arm-none-eabi/9.3.1/thumb/v7-m/nofp\libgcc.a(_arm_addsubsf3.o)
                              ./Core/Src/main.o (__aeabi_ui2f)
c:/st/stm32cubeide_1.8.0/stm32cubeide/plugins/com.st.stm32cube.ide.mcu.externaltools.gnu-tools-for-stm32.9-2020-q2-update.win32_2.0.0.202105311346/tools/bin/../lib/gcc/arm-none-eabi/9.3.1/thumb/v7-m/nofp\libgcc.a(_arm_cmpsf2.o)
                              ./Core/Src/main.o (__aeabi_fcmplt)
c:/st/stm32cubeide_1.8.0/stm32cubeide/plugins/com.st.stm32cube.ide.mcu.externaltools.gnu-tools-for-stm32.9-2020-q2-update.win32_2.0.0.202105311346/tools/bin/../lib/gcc/arm-none-eabi/9.3.1/thumb/v7-m/nofp\libgcc.a(_aeabi_uldivmod.o)
                              ./Drivers/STM32L1xx_HAL_Driver/Src/stm32l1xx_hal_rcc.o (__aeabi_uldivmod)
c:/st/stm32cubeide_1.8.0/stm32cubeide/plugins/com.st.stm32cube.ide.mcu.externaltools.gnu-tools-for-stm32.9-2020-q2-update.win32_2.0.0.202105311346/tools/bin/../lib/gcc/arm-none-eabi/9.3.1/thumb/v7-m/nofp\libgcc.a(_udivmoddi4.o)
                              c:/st/stm32cubeide_1.8.0/stm32cubeide/plugins/com.st.stm32cube.ide.mcu.externaltools.gnu-tools-for-stm32.9-2020-q2-update.win32_2.0.0.202105311346/tools/bin/../lib/gcc/arm-none-eabi/9.3.1/thumb/v7-m/nofp\libgcc.a(_aeabi_uldivmod.o) (__udivmoddi4)
c:/st/stm32cubeide_1.8.0/stm32cubeide/plugins/com.st.stm32cube.ide.mcu.externaltools.gnu-tools-for-stm32.9-2020-q2-update.win32_2.0.0.202105311346/tools/bin/../lib/gcc/arm-none-eabi/9.3.1/thumb/v7-m/nofp\libgcc.a(_dvmd_tls.o)
[...]
Memory Configuration

Name             Origin             Length             Attributes
RAM              0x0000000020000000 0x0000000000008000 xrw
FLASH            0x0000000008000000 0x0000000000020000 xr
*default*        0x0000000000000000 0xffffffffffffffff

Linker script and memory map

LOAD c:/st/stm32cubeide_1.8.0/stm32cubeide/plugins/com.st.stm32cube.ide.mcu.externaltools.gnu-tools-for-stm32.9-2020-q2-update.win32_2.0.0.202105311346/tools/bin/../lib/gcc/arm-none-eabi/9.3.1/thumb/v7-m/nofp/crti.o
LOAD c:/st/stm32cubeide_1.8.0/stm32cubeide/plugins/com.st.stm32cube.ide.mcu.externaltools.gnu-tools-for-stm32.9-2020-q2-update.win32_2.0.0.202105311346/tools/bin/../lib/gcc/arm-none-eabi/9.3.1/thumb/v7-m/nofp/crtbegin.o
LOAD c:/st/stm32cubeide_1.8.0/stm32cubeide/plugins/com.st.stm32cube.ide.mcu.externaltools.gnu-tools-for-stm32.9-2020-q2-update.win32_2.0.0.202105311346/tools/bin/../lib/gcc/arm-none-eabi/9.3.1/../../../../arm-none-eabi/lib/thumb/v7-m/nofp/crt0.o
LOAD ./Core/Src/UartRingbuffer.o
LOAD ./Core/Src/fatfs_sd.o
LOAD ./Core/Src/main.o
LOAD ./Core/Src/stm32l1xx_hal_msp.o
LOAD ./Core/Src/stm32l1xx_it.o
LOAD ./Core/Src/syscalls.o
LOAD ./Core/Src/sysmem.o
LOAD ./Core/Src/system_stm32l1xx.o
LOAD ./Core/Startup/startup_stm32l152rbtx.o
LOAD ./Drivers/STM32L1xx_HAL_Driver/Src/stm32l1xx_hal.o
LOAD ./Drivers/STM32L1xx_HAL_Driver/Src/stm32l1xx_hal_adc.o
LOAD ./Drivers/STM32L1xx_HAL_Driver/Src/stm32l1xx_hal_adc_ex.o
LOAD ./Drivers/STM32L1xx_HAL_Driver/Src/stm32l1xx_hal_cortex.o
LOAD ./Drivers/STM32L1xx_HAL_Driver/Src/stm32l1xx_hal_dma.o
LOAD ./Drivers/STM32L1xx_HAL_Driver/Src/stm32l1xx_hal_exti.o
LOAD ./Drivers/STM32L1xx_HAL_Driver/Src/stm32l1xx_hal_flash.o
LOAD ./Drivers/STM32L1xx_HAL_Driver/Src/stm32l1xx_hal_flash_ex.o
LOAD ./Drivers/STM32L1xx_HAL_Driver/Src/stm32l1xx_hal_flash_ramfunc.o
LOAD ./Drivers/STM32L1xx_HAL_Driver/Src/stm32l1xx_hal_gpio.o
LOAD ./Drivers/STM32L1xx_HAL_Driver/Src/stm32l1xx_hal_i2c.o
LOAD ./Drivers/STM32L1xx_HAL_Driver/Src/stm32l1xx_hal_pwr.o
LOAD ./Drivers/STM32L1xx_HAL_Driver/Src/stm32l1xx_hal_pwr_ex.o
LOAD ./Drivers/STM32L1xx_HAL_Driver/Src/stm32l1xx_hal_rcc.o
LOAD ./Drivers/STM32L1xx_HAL_Driver/Src/stm32l1xx_hal_rcc_ex.o
LOAD ./Drivers/STM32L1xx_HAL_Driver/Src/stm32l1xx_hal_spi.o
LOAD ./Drivers/STM32L1xx_HAL_Driver/Src/stm32l1xx_hal_tim.o
LOAD ./Drivers/STM32L1xx_HAL_Driver/Src/stm32l1xx_hal_tim_ex.o
LOAD ./Drivers/STM32L1xx_HAL_Driver/Src/stm32l1xx_hal_uart.o
LOAD ./FATFS/App/fatfs.o
LOAD ./FATFS/Target/user_diskio.o
LOAD ./Middlewares/Third_Party/FatFs/src/diskio.o
LOAD ./Middlewares/Third_Party/FatFs/src/ff.o
LOAD ./Middlewares/Third_Party/FatFs/src/ff_gen_drv.o
LOAD ./Middlewares/Third_Party/FatFs/src/option/ccsbcs.o
LOAD ./Middlewares/Third_Party/FatFs/src/option/syscall.o
START GROUP
LOAD c:/st/stm32cubeide_1.8.0/stm32cubeide/plugins/com.st.stm32cube.ide.mcu.externaltools.gnu-tools-for-stm32.9-2020-q2-update.win32_2.0.0.202105311346/tools/bin/../lib/gcc/arm-none-eabi/9.3.1/../../../../arm-none-eabi/lib/thumb/v7-m/nofp\libc_nano.a
LOAD c:/st/stm32cubeide_1.8.0/stm32cubeide/plugins/com.st.stm32cube.ide.mcu.externaltools.gnu-tools-for-stm32.9-2020-q2-update.win32_2.0.0.202105311346/tools/bin/../lib/gcc/arm-none-eabi/9.3.1/../../../../arm-none-eabi/lib/thumb/v7-m/nofp\libm.a
END GROUP
START GROUP
LOAD c:/st/stm32cubeide_1.8.0/stm32cubeide/plugins/com.st.stm32cube.ide.mcu.externaltools.gnu-tools-for-stm32.9-2020-q2-update.win32_2.0.0.202105311346/tools/bin/../lib/gcc/arm-none-eabi/9.3.1/thumb/v7-m/nofp\libgcc.a
LOAD c:/st/stm32cubeide_1.8.0/stm32cubeide/plugins/com.st.stm32cube.ide.mcu.externaltools.gnu-tools-for-stm32.9-2020-q2-update.win32_2.0.0.202105311346/tools/bin/../lib/gcc/arm-none-eabi/9.3.1/../../../../arm-none-eabi/lib/thumb/v7-m/nofp\libc_nano.a
END GROUP
START GROUP
LOAD c:/st/stm32cubeide_1.8.0/stm32cubeide/plugins/com.st.stm32cube.ide.mcu.externaltools.gnu-tools-for-stm32.9-2020-q2-update.win32_2.0.0.202105311346/tools/bin/../lib/gcc/arm-none-eabi/9.3.1/thumb/v7-m/nofp\libgcc.a
LOAD c:/st/stm32cubeide_1.8.0/stm32cubeide/plugins/com.st.stm32cube.ide.mcu.externaltools.gnu-tools-for-stm32.9-2020-q2-update.win32_2.0.0.202105311346/tools/bin/../lib/gcc/arm-none-eabi/9.3.1/../../../../arm-none-eabi/lib/thumb/v7-m/nofp\libc_nano.a
LOAD c:/st/stm32cubeide_1.8.0/stm32cubeide/plugins/com.st.stm32cube.ide.mcu.externaltools.gnu-tools-for-stm32.9-2020-q2-update.win32_2.0.0.202105311346/tools/bin/../lib/gcc/arm-none-eabi/9.3.1/../../../../arm-none-eabi/lib/thumb/v7-m/nofp\libnosys.a
END GROUP
START GROUP
LOAD c:/st/stm32cubeide_1.8.0/stm32cubeide/plugins/com.st.stm32cube.ide.mcu.externaltools.gnu-tools-for-stm32.9-2020-q2-update.win32_2.0.0.202105311346/tools/bin/../lib/gcc/arm-none-eabi/9.3.1/thumb/v7-m/nofp\libgcc.a
LOAD c:/st/stm32cubeide_1.8.0/stm32cubeide/plugins/com.st.stm32cube.ide.mcu.externaltools.gnu-tools-for-stm32.9-2020-q2-update.win32_2.0.0.202105311346/tools/bin/../lib/gcc/arm-none-eabi/9.3.1/../../../../arm-none-eabi/lib/thumb/v7-m/nofp\libc_nano.a
LOAD c:/st/stm32cubeide_1.8.0/stm32cubeide/plugins/com.st.stm32cube.ide.mcu.externaltools.gnu-tools-for-stm32.9-2020-q2-update.win32_2.0.0.202105311346/tools/bin/../lib/gcc/arm-none-eabi/9.3.1/../../../../arm-none-eabi/lib/thumb/v7-m/nofp\libnosys.a
END GROUP
LOAD c:/st/stm32cubeide_1.8.0/stm32cubeide/plugins/com.st.stm32cube.ide.mcu.externaltools.gnu-tools-for-stm32.9-2020-q2-update.win32_2.0.0.202105311346/tools/bin/../lib/gcc/arm-none-eabi/9.3.1/thumb/v7-m/nofp/crtend.o
LOAD c:/st/stm32cubeide_1.8.0/stm32cubeide/plugins/com.st.stm32cube.ide.mcu.externaltools.gnu-tools-for-stm32.9-2020-q2-update.win32_2.0.0.202105311346/tools/bin/../lib/gcc/arm-none-eabi/9.3.1/thumb/v7-m/nofp/crtn.o
                0x0000000020008000                _estack = (ORIGIN (RAM) + LENGTH (RAM))
                0x0000000000000200                _Min_Heap_Size = 0x200
                0x0000000000000800                _Min_Stack_Size = 0x800

.isr_vector     0x0000000008000000      0x13c
                0x0000000008000000                . = ALIGN (0x4)
 *(.isr_vector)
 .isr_vector    0x0000000008000000      0x13c ./Core/Startup/startup_stm32l152rbtx.o
                0x0000000008000000                g_pfnVectors
                0x000000000800013c                . = ALIGN (0x4)

.text           0x000000000800013c     0x9780
                0x000000000800013c                . = ALIGN (0x4)
 *(.text)
 .text          0x000000000800013c       0x40 c:/st/stm32cubeide_1.8.0/stm32cubeide/plugins/com.st.stm32cube.ide.mcu.externaltools.gnu-tools-for-stm32.9-2020-q2-update.win32_2.0.0.202105311346/tools/bin/../lib/gcc/arm-none-eabi/9.3.1/thumb/v7-m/nofp/crtbegin.o
 .text          0x000000000800017c      0x168 c:/st/stm32cubeide_1.8.0/stm32cubeide/plugins/com.st.stm32cube.ide.mcu.externaltools.gnu-tools-for-stm32.9-2020-q2-update.win32_2.0.0.202105311346/tools/bin/../lib/gcc/arm-none-eabi/9.3.1/thumb/v7-m/nofp\libgcc.a(_arm_mulsf3.o)
                0x000000000800017c                __aeabi_fmul
                0x000000000800017c                __mulsf3
 .text          0x00000000080002e4      0x21c c:/st/stm32cubeide_1.8.0/stm32cubeide/plugins/com.st.stm32cube.ide.mcu.externaltools.gnu-tools-for-stm32.9-2020-q2-update.win32_2.0.0.202105311346/tools/bin/../lib/gcc/arm-none-eabi/9.3.1/thumb/v7-m/nofp\libgcc.a(_arm_addsubsf3.o)
                0x00000000080002e4                __aeabi_frsub
                0x00000000080002ec                __subsf3
                0x00000000080002ec                __aeabi_fsub
                0x00000000080002f0                __aeabi_fadd
                0x00000000080002f0                __addsf3
                0x0000000008000450                __aeabi_ui2f
                0x0000000008000450                __floatunsisf
                0x0000000008000458                __aeabi_i2f
                0x0000000008000458                __floatsisf
                0x0000000008000474                __aeabi_ul2f
                0x0000000008000474                __floatundisf
                0x0000000008000484                __aeabi_l2f
                0x0000000008000484                __floatdisf
 .text          0x0000000008000500       0x30 c:/st/stm32cubeide_1.8.0/stm32cubeide/plugins/com.st.stm32cube.ide.mcu.externaltools.gnu-tools-for-stm32.9-2020-q2-update.win32_2.0.0.202105311346/tools/bin/../lib/gcc/arm-none-eabi/9.3.1/thumb/v7-m/nofp\libgcc.a(_aeabi_uldivmod.o)
                0x0000000008000500                __aeabi_uldivmod
 .text          0x0000000008000530      0x2c4 c:/st/stm32cubeide_1.8.0/stm32cubeide/plugins/com.st.stm32cube.ide.mcu.externaltools.gnu-tools-for-stm32.9-2020-q2-update.win32_2.0.0.202105311346/tools/bin/../lib/gcc/arm-none-eabi/9.3.1/thumb/v7-m/nofp\libgcc.a(_udivmoddi4.o)
                0x0000000008000530                __udivmoddi4
 .text          0x00000000080007f4        0x4 c:/st/stm32cubeide_1.8.0/stm32cubeide/plugins/com.st.stm32cube.ide.mcu.externaltools.gnu-tools-for-stm32.9-2020-q2-update.win32_2.0.0.202105311346/tools/bin/../lib/gcc/arm-none-eabi/9.3.1/thumb/v7-m/nofp\libgcc.a(_dvmd_tls.o)
                0x00000000080007f4                __aeabi_idiv0
                0x00000000080007f4                __aeabi_ldiv0
 *(.text*)
 .text.store_char
                0x00000000080007f8       0x3c ./Core/Src/UartRingbuffer.o
                0x00000000080007f8                store_char
 .text.Uart_isr
                0x0000000008000834       0xb4 ./Core/Src/UartRingbuffer.o
                0x0000000008000834                Uart_isr
 .text.SELECT   0x00000000080008e8       0x1c ./Core/Src/fatfs_sd.o
 .text.DESELECT
                0x0000000008000904       0x1c ./Core/Src/fatfs_sd.o
 .text.SPI_TxByte
                0x0000000008000920       0x34 ./Core/Src/fatfs_sd.o
 .text.SPI_TxBuffer
                0x0000000008000954       0x34 ./Core/Src/fatfs_sd.o
 .text.SPI_RxByte
                0x0000000008000988       0x38 ./Core/Src/fatfs_sd.o
 .text.SPI_RxBytePtr
                0x00000000080009c0       0x1c ./Core/Src/fatfs_sd.o
 .text.SD_ReadyWait
                0x00000000080009dc       0x34 ./Core/Src/fatfs_sd.o
 .text.SD_PowerOn
                0x0000000008000a10       0x84 ./Core/Src/fatfs_sd.o
 .text.SD_PowerOff
                0x0000000008000a94       0x18 ./Core/Src/fatfs_sd.o
 .text.SD_CheckPower
                0x0000000008000aac       0x14 ./Core/Src/fatfs_sd.o
 .text.SD_RxDataBlock
                0x0000000008000ac0       0x5c ./Core/Src/fatfs_sd.o
 .text.SD_TxDataBlock
                0x0000000008000b1c       0x86 ./Core/Src/fatfs_sd.o
 .text.SD_SendCmd
                0x0000000008000ba2       0xa8 ./Core/Src/fatfs_sd.o
 *fill*         0x0000000008000c4a        0x2 
 .text.SD_disk_initialize
                0x0000000008000c4c      0x1cc ./Core/Src/fatfs_sd.o
                0x0000000008000c4c                SD_disk_initialize
 .text.SD_disk_status
                0x0000000008000e18       0x28 ./Core/Src/fatfs_sd.o
                0x0000000008000e18                SD_disk_status
 .text.SD_disk_read
                0x0000000008000e40       0xd4 ./Core/Src/fatfs_sd.o
                0x0000000008000e40                SD_disk_read
 .text.SD_disk_write
                0x0000000008000f14      0x108 ./Core/Src/fatfs_sd.o
                0x0000000008000f14                SD_disk_write
 .text.SD_disk_ioctl
                0x000000000800101c      0x258 ./Core/Src/fatfs_sd.o
                0x000000000800101c                SD_disk_ioctl
 .text.selectMux
                0x0000000008001274       0x68 ./Core/Src/main.o
                0x0000000008001274                selectMux
 .text.enableMux
                0x00000000080012dc       0x20 ./Core/Src/main.o
                0x00000000080012dc                enableMux
 .text.disableMux
                0x00000000080012fc       0x20 ./Core/Src/main.o
                0x00000000080012fc                disableMux
 .text.ADC_Select_CH3
                0x000000000800131c       0x3c ./Core/Src/main.o
                0x000000000800131c                ADC_Select_CH3
 .text.ADC_Select_CH9
                0x0000000008001358       0x3c ./Core/Src/main.o
                0x0000000008001358                ADC_Select_CH9
 .text.read3V3  0x0000000008001394       0x58 ./Core/Src/main.o
                0x0000000008001394                read3V3
 .text.readPressure
                0x00000000080013ec       0x38 ./Core/Src/main.o
                0x00000000080013ec                readPressure
 .text.main     0x0000000008001424      0x334 ./Core/Src/main.o
                0x0000000008001424                main
 .text.SystemClock_Config
                0x0000000008001758       0xa0 ./Core/Src/main.o
                0x0000000008001758                SystemClock_Config
 .text.MX_ADC_Init
                0x00000000080017f8       0xd0 ./Core/Src/main.o
 .text.MX_I2C1_Init
                0x00000000080018c8       0x5c ./Core/Src/main.o
 .text.MX_SPI2_Init
                0x0000000008001924       0x6c ./Core/Src/main.o
 .text.MX_USART3_UART_Init
                0x0000000008001990       0x54 ./Core/Src/main.o
 .text.MX_GPIO_Init
                0x00000000080019e4      0x180 ./Core/Src/main.o
 .text.Error_Handler
                0x0000000008001b64        0xa ./Core/Src/main.o
                0x0000000008001b64                Error_Handler
 *fill*         0x0000000008001b6e        0x2 
 .text.HAL_MspInit
                0x0000000008001b70       0x6c ./Core/Src/stm32l1xx_hal_msp.o
                0x0000000008001b70                HAL_MspInit
 .text.HAL_ADC_MspInit
                0x0000000008001bdc       0xe8 ./Core/Src/stm32l1xx_hal_msp.o
                0x0000000008001bdc                HAL_ADC_MspInit
 .text.HAL_I2C_MspInit
                0x0000000008001cc4       0xa8 ./Core/Src/stm32l1xx_hal_msp.o
                0x0000000008001cc4                HAL_I2C_MspInit
 .text.HAL_SPI_MspInit
                0x0000000008001d6c       0x98 ./Core/Src/stm32l1xx_hal_msp.o
                0x0000000008001d6c                HAL_SPI_MspInit
 .text.HAL_UART_MspInit
                0x0000000008001e04       0x98 ./Core/Src/stm32l1xx_hal_msp.o
                0x0000000008001e04                HAL_UART_MspInit
 .text.NMI_Handler
                0x0000000008001e9c        0x6 ./Core/Src/stm32l1xx_it.o
                0x0000000008001e9c                NMI_Handler
 .text.HardFault_Handler
                0x0000000008001ea2        0x6 ./Core/Src/stm32l1xx_it.o
                0x0000000008001ea2                HardFault_Handler
 .text.MemManage_Handler
                0x0000000008001ea8        0x6 ./Core/Src/stm32l1xx_it.o
                0x0000000008001ea8                MemManage_Handler
 .text.BusFault_Handler
                0x0000000008001eae        0x6 ./Core/Src/stm32l1xx_it.o
                0x0000000008001eae                BusFault_Handler
 .text.UsageFault_Handler
                0x0000000008001eb4        0x6 ./Core/Src/stm32l1xx_it.o
                0x0000000008001eb4                UsageFault_Handler
 .text.SVC_Handler
                0x0000000008001eba        0xc ./Core/Src/stm32l1xx_it.o
                0x0000000008001eba                SVC_Handler
 .text.DebugMon_Handler
                0x0000000008001ec6        0xc ./Core/Src/stm32l1xx_it.o
                0x0000000008001ec6                DebugMon_Handler
 .text.PendSV_Handler
                0x0000000008001ed2        0xc ./Core/Src/stm32l1xx_it.o
                0x0000000008001ed2                PendSV_Handler
 *fill*         0x0000000008001ede        0x2 
 .text.SysTick_Handler
                0x0000000008001ee0       0x3c ./Core/Src/stm32l1xx_it.o
                0x0000000008001ee0                SysTick_Handler
 .text.RCC_IRQHandler
                0x0000000008001f1c        0xc ./Core/Src/stm32l1xx_it.o
                0x0000000008001f1c                RCC_IRQHandler
 .text.I2C1_EV_IRQHandler
                0x0000000008001f28       0x14 ./Core/Src/stm32l1xx_it.o
                0x0000000008001f28                I2C1_EV_IRQHandler
 .text.I2C1_ER_IRQHandler
                0x0000000008001f3c       0x14 ./Core/Src/stm32l1xx_it.o
                0x0000000008001f3c                I2C1_ER_IRQHandler
 .text.SPI2_IRQHandler
                0x0000000008001f50       0x14 ./Core/Src/stm32l1xx_it.o
                0x0000000008001f50                SPI2_IRQHandler
 .text.USART3_IRQHandler
                0x0000000008001f64       0x14 ./Core/Src/stm32l1xx_it.o
                0x0000000008001f64                USART3_IRQHandler
 .text.SystemInit
                0x0000000008001f78        0xc ./Core/Src/system_stm32l1xx.o
                0x0000000008001f78                SystemInit
 .text.Reset_Handler
                0x0000000008001f84       0x48 ./Core/Startup/startup_stm32l152rbtx.o
                0x0000000008001f84                Reset_Handler
 .text.Default_Handler
                0x0000000008001fcc        0x2 ./Core/Startup/startup_stm32l152rbtx.o
                0x0000000008001fcc                RTC_Alarm_IRQHandler
                0x0000000008001fcc                EXTI2_IRQHandler
                0x0000000008001fcc                TIM10_IRQHandler
                0x0000000008001fcc                USB_HP_IRQHandler
                0x0000000008001fcc                TIM6_IRQHandler
                0x0000000008001fcc                PVD_IRQHandler
                0x0000000008001fcc                EXTI3_IRQHandler
                0x0000000008001fcc                EXTI0_IRQHandler
                0x0000000008001fcc                I2C2_EV_IRQHandler
                0x0000000008001fcc                SPI1_IRQHandler
                0x0000000008001fcc                USB_FS_WKUP_IRQHandler
                0x0000000008001fcc                DMA1_Channel4_IRQHandler
                0x0000000008001fcc                ADC1_IRQHandler
                0x0000000008001fcc                DMA1_Channel7_IRQHandler
                0x0000000008001fcc                LCD_IRQHandler
                0x0000000008001fcc                TIM4_IRQHandler
                0x0000000008001fcc                DMA1_Channel6_IRQHandler
                0x0000000008001fcc                TIM3_IRQHandler
                0x0000000008001fcc                DMA1_Channel1_IRQHandler
                0x0000000008001fcc                Default_Handler
                0x0000000008001fcc                EXTI15_10_IRQHandler
                0x0000000008001fcc                TIM7_IRQHandler
                0x0000000008001fcc                EXTI9_5_IRQHandler
                0x0000000008001fcc                TIM9_IRQHandler
                0x0000000008001fcc                TAMPER_STAMP_IRQHandler
                0x0000000008001fcc                RTC_WKUP_IRQHandler
                0x0000000008001fcc                DMA1_Channel5_IRQHandler
                0x0000000008001fcc                USB_LP_IRQHandler
                0x0000000008001fcc                EXTI4_IRQHandler
                0x0000000008001fcc                DMA1_Channel3_IRQHandler
                0x0000000008001fcc                COMP_IRQHandler
                0x0000000008001fcc                WWDG_IRQHandler
                0x0000000008001fcc                TIM2_IRQHandler
                0x0000000008001fcc                DAC_IRQHandler
                0x0000000008001fcc                EXTI1_IRQHandler
                0x0000000008001fcc                TIM11_IRQHandler
                0x0000000008001fcc                USART2_IRQHandler
                0x0000000008001fcc                I2C2_ER_IRQHandler
                0x0000000008001fcc                DMA1_Channel2_IRQHandler
                0x0000000008001fcc                FLASH_IRQHandler
                0x0000000008001fcc                USART1_IRQHandler
 .text.HAL_Init
                0x0000000008001fce       0x30 ./Drivers/STM32L1xx_HAL_Driver/Src/stm32l1xx_hal.o
                0x0000000008001fce                HAL_Init
 *fill*         0x0000000008001ffe        0x2 
 .text.HAL_InitTick
                0x0000000008002000       0x74 ./Drivers/STM32L1xx_HAL_Driver/Src/stm32l1xx_hal.o
                0x0000000008002000                HAL_InitTick
 .text.HAL_IncTick
                0x0000000008002074       0x24 ./Drivers/STM32L1xx_HAL_Driver/Src/stm32l1xx_hal.o
                0x0000000008002074                HAL_IncTick
 .text.HAL_GetTick
                0x0000000008002098       0x14 ./Drivers/STM32L1xx_HAL_Driver/Src/stm32l1xx_hal.o
                0x0000000008002098                HAL_GetTick
 .text.HAL_Delay
                0x00000000080020ac       0x44 ./Drivers/STM32L1xx_HAL_Driver/Src/stm32l1xx_hal.o
                0x00000000080020ac                HAL_Delay
 .text.HAL_ADC_Init
                0x00000000080020f0      0x28c ./Drivers/STM32L1xx_HAL_Driver/Src/stm32l1xx_hal_adc.o
                0x00000000080020f0                HAL_ADC_Init
 .text.HAL_ADC_Start
                0x000000000800237c       0xc0 ./Drivers/STM32L1xx_HAL_Driver/Src/stm32l1xx_hal_adc.o
                0x000000000800237c                HAL_ADC_Start
 .text.HAL_ADC_Stop
                0x000000000800243c       0x58 ./Drivers/STM32L1xx_HAL_Driver/Src/stm32l1xx_hal_adc.o
                0x000000000800243c                HAL_ADC_Stop
 .text.HAL_ADC_PollForConversion
                0x0000000008002494      0x120 ./Drivers/STM32L1xx_HAL_Driver/Src/stm32l1xx_hal_adc.o
                0x0000000008002494                HAL_ADC_PollForConversion
 .text.HAL_ADC_GetValue
                0x00000000080025b4       0x18 ./Drivers/STM32L1xx_HAL_Driver/Src/stm32l1xx_hal_adc.o
                0x00000000080025b4                HAL_ADC_GetValue
 .text.HAL_ADC_ConfigChannel
                0x00000000080025cc      0x2a0 ./Drivers/STM32L1xx_HAL_Driver/Src/stm32l1xx_hal_adc.o
                0x00000000080025cc                HAL_ADC_ConfigChannel
 .text.ADC_Enable
                0x000000000800286c       0xb8 ./Drivers/STM32L1xx_HAL_Driver/Src/stm32l1xx_hal_adc.o
                0x000000000800286c                ADC_Enable
 .text.ADC_ConversionStop_Disable
                0x0000000008002924       0x82 ./Drivers/STM32L1xx_HAL_Driver/Src/stm32l1xx_hal_adc.o
                0x0000000008002924                ADC_ConversionStop_Disable
 *fill*         0x00000000080029a6        0x2 
 .text.__NVIC_SetPriorityGrouping
                0x00000000080029a8       0x48 ./Drivers/STM32L1xx_HAL_Driver/Src/stm32l1xx_hal_cortex.o
 .text.__NVIC_GetPriorityGrouping
                0x00000000080029f0       0x1c ./Drivers/STM32L1xx_HAL_Driver/Src/stm32l1xx_hal_cortex.o
 .text.__NVIC_EnableIRQ
                0x0000000008002a0c       0x38 ./Drivers/STM32L1xx_HAL_Driver/Src/stm32l1xx_hal_cortex.o
 .text.__NVIC_SetPriority
                0x0000000008002a44       0x54 ./Drivers/STM32L1xx_HAL_Driver/Src/stm32l1xx_hal_cortex.o
 .text.NVIC_EncodePriority
                0x0000000008002a98       0x64 ./Drivers/STM32L1xx_HAL_Driver/Src/stm32l1xx_hal_cortex.o
 .text.SysTick_Config
                0x0000000008002afc       0x44 ./Drivers/STM32L1xx_HAL_Driver/Src/stm32l1xx_hal_cortex.o
 .text.HAL_NVIC_SetPriorityGrouping
                0x0000000008002b40       0x16 ./Drivers/STM32L1xx_HAL_Driver/Src/stm32l1xx_hal_cortex.o
                0x0000000008002b40                HAL_NVIC_SetPriorityGrouping
 .text.HAL_NVIC_SetPriority
                0x0000000008002b56       0x38 ./Drivers/STM32L1xx_HAL_Driver/Src/stm32l1xx_hal_cortex.o
                0x0000000008002b56                HAL_NVIC_SetPriority
 .text.HAL_NVIC_EnableIRQ
                0x0000000008002b8e       0x1c ./Drivers/STM32L1xx_HAL_Driver/Src/stm32l1xx_hal_cortex.o
                0x0000000008002b8e                HAL_NVIC_EnableIRQ
 .text.HAL_SYSTICK_Config
                0x0000000008002baa       0x18 ./Drivers/STM32L1xx_HAL_Driver/Src/stm32l1xx_hal_cortex.o
                0x0000000008002baa                HAL_SYSTICK_Config
 .text.HAL_DMA_Abort_IT
                0x0000000008002bc2       0x82 ./Drivers/STM32L1xx_HAL_Driver/Src/stm32l1xx_hal_dma.o
                0x0000000008002bc2                HAL_DMA_Abort_IT
 .text.HAL_DMA_GetState
                0x0000000008002c44       0x1a ./Drivers/STM32L1xx_HAL_Driver/Src/stm32l1xx_hal_dma.o
                0x0000000008002c44                HAL_DMA_GetState
 *fill*         0x0000000008002c5e        0x2 
 .text.HAL_GPIO_Init
                0x0000000008002c60      0x300 ./Drivers/STM32L1xx_HAL_Driver/Src/stm32l1xx_hal_gpio.o
                0x0000000008002c60                HAL_GPIO_Init
 .text.HAL_GPIO_WritePin
                0x0000000008002f60       0x30 ./Drivers/STM32L1xx_HAL_Driver/Src/stm32l1xx_hal_gpio.o
                0x0000000008002f60                HAL_GPIO_WritePin
 .text.HAL_I2C_Init
                0x0000000008002f90      0x288 ./Drivers/STM32L1xx_HAL_Driver/Src/stm32l1xx_hal_i2c.o
                0x0000000008002f90                HAL_I2C_Init
 .text.HAL_I2C_EV_IRQHandler
                0x0000000008003218      0x2e2 ./Drivers/STM32L1xx_HAL_Driver/Src/stm32l1xx_hal_i2c.o
                0x0000000008003218                HAL_I2C_EV_IRQHandler
 .text.HAL_I2C_ER_IRQHandler
                0x00000000080034fa      0x14e ./Drivers/STM32L1xx_HAL_Driver/Src/stm32l1xx_hal_i2c.o
                0x00000000080034fa                HAL_I2C_ER_IRQHandler
 .text.HAL_I2C_MasterTxCpltCallback
                0x0000000008003648       0x12 ./Drivers/STM32L1xx_HAL_Driver/Src/stm32l1xx_hal_i2c.o
                0x0000000008003648                HAL_I2C_MasterTxCpltCallback
 .text.HAL_I2C_MasterRxCpltCallback
                0x000000000800365a       0x12 ./Drivers/STM32L1xx_HAL_Driver/Src/stm32l1xx_hal_i2c.o
                0x000000000800365a                HAL_I2C_MasterRxCpltCallback
 .text.HAL_I2C_SlaveTxCpltCallback
                0x000000000800366c       0x12 ./Drivers/STM32L1xx_HAL_Driver/Src/stm32l1xx_hal_i2c.o
                0x000000000800366c                HAL_I2C_SlaveTxCpltCallback
 .text.HAL_I2C_SlaveRxCpltCallback
                0x000000000800367e       0x12 ./Drivers/STM32L1xx_HAL_Driver/Src/stm32l1xx_hal_i2c.o
                0x000000000800367e                HAL_I2C_SlaveRxCpltCallback
 .text.HAL_I2C_AddrCallback
                0x0000000008003690       0x1a ./Drivers/STM32L1xx_HAL_Driver/Src/stm32l1xx_hal_i2c.o
                0x0000000008003690                HAL_I2C_AddrCallback
 .text.HAL_I2C_ListenCpltCallback
                0x00000000080036aa       0x12 ./Drivers/STM32L1xx_HAL_Driver/Src/stm32l1xx_hal_i2c.o
                0x00000000080036aa                HAL_I2C_ListenCpltCallback
 .text.HAL_I2C_MemTxCpltCallback
                0x00000000080036bc       0x12 ./Drivers/STM32L1xx_HAL_Driver/Src/stm32l1xx_hal_i2c.o
                0x00000000080036bc                HAL_I2C_MemTxCpltCallback
 .text.HAL_I2C_MemRxCpltCallback
                0x00000000080036ce       0x12 ./Drivers/STM32L1xx_HAL_Driver/Src/stm32l1xx_hal_i2c.o
                0x00000000080036ce                HAL_I2C_MemRxCpltCallback
 .text.HAL_I2C_ErrorCallback
                0x00000000080036e0       0x12 ./Drivers/STM32L1xx_HAL_Driver/Src/stm32l1xx_hal_i2c.o
                0x00000000080036e0                HAL_I2C_ErrorCallback
 .text.HAL_I2C_AbortCpltCallback
                0x00000000080036f2       0x12 ./Drivers/STM32L1xx_HAL_Driver/Src/stm32l1xx_hal_i2c.o
                0x00000000080036f2                HAL_I2C_AbortCpltCallback
 .text.I2C_MasterTransmit_TXE
                0x0000000008003704      0x138 ./Drivers/STM32L1xx_HAL_Driver/Src/stm32l1xx_hal_i2c.o
 .text.I2C_MasterTransmit_BTF
                0x000000000800383c       0xec ./Drivers/STM32L1xx_HAL_Driver/Src/stm32l1xx_hal_i2c.o
 .text.I2C_MemoryTransmit_TXE_BTF
                0x0000000008003928      0x128 ./Drivers/STM32L1xx_HAL_Driver/Src/stm32l1xx_hal_i2c.o
 .text.I2C_MasterReceive_RXNE
                0x0000000008003a50      0x162 ./Drivers/STM32L1xx_HAL_Driver/Src/stm32l1xx_hal_i2c.o
 .text.I2C_MasterReceive_BTF
                0x0000000008003bb2      0x1d4 ./Drivers/STM32L1xx_HAL_Driver/Src/stm32l1xx_hal_i2c.o
 .text.I2C_Master_SB
                0x0000000008003d86      0x10a ./Drivers/STM32L1xx_HAL_Driver/Src/stm32l1xx_hal_i2c.o
 .text.I2C_Master_ADD10
                0x0000000008003e90       0x52 ./Drivers/STM32L1xx_HAL_Driver/Src/stm32l1xx_hal_i2c.o
 .text.I2C_Master_ADDR
                0x0000000008003ee2      0x320 ./Drivers/STM32L1xx_HAL_Driver/Src/stm32l1xx_hal_i2c.o
 .text.I2C_SlaveTransmit_TXE
                0x0000000008004202       0x7a ./Drivers/STM32L1xx_HAL_Driver/Src/stm32l1xx_hal_i2c.o
 .text.I2C_SlaveTransmit_BTF
                0x000000000800427c       0x40 ./Drivers/STM32L1xx_HAL_Driver/Src/stm32l1xx_hal_i2c.o
 .text.I2C_SlaveReceive_RXNE
                0x00000000080042bc       0x7c ./Drivers/STM32L1xx_HAL_Driver/Src/stm32l1xx_hal_i2c.o
 .text.I2C_SlaveReceive_BTF
                0x0000000008004338       0x42 ./Drivers/STM32L1xx_HAL_Driver/Src/stm32l1xx_hal_i2c.o
 .text.I2C_Slave_ADDR
                0x000000000800437a       0x94 ./Drivers/STM32L1xx_HAL_Driver/Src/stm32l1xx_hal_i2c.o
 *fill*         0x000000000800440e        0x2 
 .text.I2C_Slave_STOPF
                0x0000000008004410      0x260 ./Drivers/STM32L1xx_HAL_Driver/Src/stm32l1xx_hal_i2c.o
 .text.I2C_Slave_AF
                0x0000000008004670       0xe0 ./Drivers/STM32L1xx_HAL_Driver/Src/stm32l1xx_hal_i2c.o
 .text.I2C_ITError
                0x0000000008004750      0x264 ./Drivers/STM32L1xx_HAL_Driver/Src/stm32l1xx_hal_i2c.o
 .text.I2C_DMAAbort
                0x00000000080049b4      0x150 ./Drivers/STM32L1xx_HAL_Driver/Src/stm32l1xx_hal_i2c.o
 .text.I2C_WaitOnSTOPRequestThroughIT
                0x0000000008004b04       0x64 ./Drivers/STM32L1xx_HAL_Driver/Src/stm32l1xx_hal_i2c.o
 .text.I2C_ConvertOtherXferOptions
                0x0000000008004b68       0x34 ./Drivers/STM32L1xx_HAL_Driver/Src/stm32l1xx_hal_i2c.o
 .text.HAL_RCC_OscConfig
                0x0000000008004b9c      0x660 ./Drivers/STM32L1xx_HAL_Driver/Src/stm32l1xx_hal_rcc.o
                0x0000000008004b9c                HAL_RCC_OscConfig
 .text.HAL_RCC_ClockConfig
                0x00000000080051fc      0x268 ./Drivers/STM32L1xx_HAL_Driver/Src/stm32l1xx_hal_rcc.o
                0x00000000080051fc                HAL_RCC_ClockConfig
 .text.HAL_RCC_GetSysClockFreq
                0x0000000008005464      0x14c ./Drivers/STM32L1xx_HAL_Driver/Src/stm32l1xx_hal_rcc.o
                0x0000000008005464                HAL_RCC_GetSysClockFreq
 .text.HAL_RCC_GetHCLKFreq
                0x00000000080055b0       0x14 ./Drivers/STM32L1xx_HAL_Driver/Src/stm32l1xx_hal_rcc.o
                0x00000000080055b0                HAL_RCC_GetHCLKFreq
 .text.HAL_RCC_GetPCLK1Freq
                0x00000000080055c4       0x28 ./Drivers/STM32L1xx_HAL_Driver/Src/stm32l1xx_hal_rcc.o
                0x00000000080055c4                HAL_RCC_GetPCLK1Freq
 .text.HAL_RCC_GetPCLK2Freq
                0x00000000080055ec       0x28 ./Drivers/STM32L1xx_HAL_Driver/Src/stm32l1xx_hal_rcc.o
                0x00000000080055ec                HAL_RCC_GetPCLK2Freq
 .text.RCC_SetFlashLatencyFromMSIRange
                0x0000000008005614       0xc0 ./Drivers/STM32L1xx_HAL_Driver/Src/stm32l1xx_hal_rcc.o
 .text.HAL_SPI_Init
                0x00000000080056d4       0xf8 ./Drivers/STM32L1xx_HAL_Driver/Src/stm32l1xx_hal_spi.o
                0x00000000080056d4                HAL_SPI_Init
 .text.HAL_SPI_Transmit
                0x00000000080057cc      0x278 ./Drivers/STM32L1xx_HAL_Driver/Src/stm32l1xx_hal_spi.o
                0x00000000080057cc                HAL_SPI_Transmit
 .text.HAL_SPI_TransmitReceive
                0x0000000008005a44      0x344 ./Drivers/STM32L1xx_HAL_Driver/Src/stm32l1xx_hal_spi.o
                0x0000000008005a44                HAL_SPI_TransmitReceive
 .text.HAL_SPI_IRQHandler
                0x0000000008005d88      0x1cc ./Drivers/STM32L1xx_HAL_Driver/Src/stm32l1xx_hal_spi.o
                0x0000000008005d88                HAL_SPI_IRQHandler
 .text.HAL_SPI_ErrorCallback
                0x0000000008005f54       0x12 ./Drivers/STM32L1xx_HAL_Driver/Src/stm32l1xx_hal_spi.o
                0x0000000008005f54                HAL_SPI_ErrorCallback
 .text.SPI_DMAAbortOnError
                0x0000000008005f66       0x28 ./Drivers/STM32L1xx_HAL_Driver/Src/stm32l1xx_hal_spi.o
 *fill*         0x0000000008005f8e        0x2 
 .text.SPI_WaitFlagStateUntilTimeout
                0x0000000008005f90      0x110 ./Drivers/STM32L1xx_HAL_Driver/Src/stm32l1xx_hal_spi.o
 .text.SPI_EndRxTxTransaction
                0x00000000080060a0       0x84 ./Drivers/STM32L1xx_HAL_Driver/Src/stm32l1xx_hal_spi.o
 .text.HAL_UART_Init
                0x0000000008006124       0x9a ./Drivers/STM32L1xx_HAL_Driver/Src/stm32l1xx_hal_uart.o
                0x0000000008006124                HAL_UART_Init
 *fill*         0x00000000080061be        0x2 
 .text.UART_SetConfig
                0x00000000080061c0      0x1c8 ./Drivers/STM32L1xx_HAL_Driver/Src/stm32l1xx_hal_uart.o
 .text.MX_FATFS_Init
                0x0000000008006388       0x24 ./FATFS/App/fatfs.o
                0x0000000008006388                MX_FATFS_Init
 .text.get_fattime
                0x00000000080063ac        0xe ./FATFS/App/fatfs.o
                0x00000000080063ac                get_fattime
 .text.USER_initialize
                0x00000000080063ba       0x1c ./FATFS/Target/user_diskio.o
                0x00000000080063ba                USER_initialize
 .text.USER_status
                0x00000000080063d6       0x1c ./FATFS/Target/user_diskio.o
                0x00000000080063d6                USER_status
 .text.USER_read
                0x00000000080063f2       0x26 ./FATFS/Target/user_diskio.o
                0x00000000080063f2                USER_read
 .text.USER_write
                0x0000000008006418       0x26 ./FATFS/Target/user_diskio.o
                0x0000000008006418                USER_write
 .text.USER_ioctl
                0x000000000800643e       0x26 ./FATFS/Target/user_diskio.o
                0x000000000800643e                USER_ioctl
 .text.disk_status
                0x0000000008006464       0x34 ./Middlewares/Third_Party/FatFs/src/diskio.o
                0x0000000008006464                disk_status
 .text.disk_initialize
                0x0000000008006498       0x4c ./Middlewares/Third_Party/FatFs/src/diskio.o
                0x0000000008006498                disk_initialize
 .text.disk_read
                0x00000000080064e4       0x40 ./Middlewares/Third_Party/FatFs/src/diskio.o
                0x00000000080064e4                disk_read
 .text.disk_write
                0x0000000008006524       0x40 ./Middlewares/Third_Party/FatFs/src/diskio.o
                0x0000000008006524                disk_write
 .text.disk_ioctl
                0x0000000008006564       0x3c ./Middlewares/Third_Party/FatFs/src/diskio.o
                0x0000000008006564                disk_ioctl
 .text.ld_word  0x00000000080065a0       0x2e ./Middlewares/Third_Party/FatFs/src/ff.o
 .text.ld_dword
                0x00000000080065ce       0x44 ./Middlewares/Third_Party/FatFs/src/ff.o
 .text.st_word  0x0000000008006612       0x34 ./Middlewares/Third_Party/FatFs/src/ff.o
 .text.st_dword
                0x0000000008006646       0x56 ./Middlewares/Third_Party/FatFs/src/ff.o
 .text.mem_cpy  0x000000000800669c       0x40 ./Middlewares/Third_Party/FatFs/src/ff.o
 .text.mem_set  0x00000000080066dc       0x34 ./Middlewares/Third_Party/FatFs/src/ff.o
 .text.mem_cmp  0x0000000008006710       0x4c ./Middlewares/Third_Party/FatFs/src/ff.o
 .text.chk_chr  0x000000000800675c       0x34 ./Middlewares/Third_Party/FatFs/src/ff.o
 .text.chk_lock
                0x0000000008006790       0xb4 ./Middlewares/Third_Party/FatFs/src/ff.o
 .text.enq_lock
                0x0000000008006844       0x40 ./Middlewares/Third_Party/FatFs/src/ff.o
 .text.inc_lock
                0x0000000008006884      0x11c ./Middlewares/Third_Party/FatFs/src/ff.o
 .text.dec_lock
                0x00000000080069a0       0x74 ./Middlewares/Third_Party/FatFs/src/ff.o
 .text.clear_lock
                0x0000000008006a14       0x48 ./Middlewares/Third_Party/FatFs/src/ff.o
 .text.sync_window
                0x0000000008006a5c       0x88 ./Middlewares/Third_Party/FatFs/src/ff.o
 .text.move_window
                0x0000000008006ae4       0x5a ./Middlewares/Third_Party/FatFs/src/ff.o
 *fill*         0x0000000008006b3e        0x2 
 .text.sync_fs  0x0000000008006b40       0xe0 ./Middlewares/Third_Party/FatFs/src/ff.o
 .text.clust2sect
                0x0000000008006c20       0x3c ./Middlewares/Third_Party/FatFs/src/ff.o
 .text.get_fat  0x0000000008006c5c      0x1a8 ./Middlewares/Third_Party/FatFs/src/ff.o
 .text.put_fat  0x0000000008006e04      0x238 ./Middlewares/Third_Party/FatFs/src/ff.o
 .text.remove_chain
                0x000000000800703c       0xca ./Middlewares/Third_Party/FatFs/src/ff.o
 .text.create_chain
                0x0000000008007106      0x130 ./Middlewares/Third_Party/FatFs/src/ff.o
 .text.clmt_clust
                0x0000000008007236       0x6e ./Middlewares/Third_Party/FatFs/src/ff.o
 .text.dir_sdi  0x00000000080072a4      0x112 ./Middlewares/Third_Party/FatFs/src/ff.o
 .text.dir_next
                0x00000000080073b6      0x1ac ./Middlewares/Third_Party/FatFs/src/ff.o
 .text.dir_alloc
                0x0000000008007562       0x8e ./Middlewares/Third_Party/FatFs/src/ff.o
 .text.ld_clust
                0x00000000080075f0       0x3e ./Middlewares/Third_Party/FatFs/src/ff.o
 .text.st_clust
                0x000000000800762e       0x40 ./Middlewares/Third_Party/FatFs/src/ff.o
 *fill*         0x000000000800766e        0x2 
 .text.cmp_lfn  0x0000000008007670       0xe0 ./Middlewares/Third_Party/FatFs/src/ff.o
 .text.put_lfn  0x0000000008007750       0xd0 ./Middlewares/Third_Party/FatFs/src/ff.o
 .text.gen_numname
                0x0000000008007820      0x120 ./Middlewares/Third_Party/FatFs/src/ff.o
 .text.sum_sfn  0x0000000008007940       0x40 ./Middlewares/Third_Party/FatFs/src/ff.o
 .text.dir_find
                0x0000000008007980      0x180 ./Middlewares/Third_Party/FatFs/src/ff.o
 .text.dir_register
                0x0000000008007b00      0x1f0 ./Middlewares/Third_Party/FatFs/src/ff.o
 .text.create_name
                0x0000000008007cf0      0x370 ./Middlewares/Third_Party/FatFs/src/ff.o
 .text.follow_path
                0x0000000008008060       0xec ./Middlewares/Third_Party/FatFs/src/ff.o
 .text.get_ldnumber
                0x000000000800814c       0x86 ./Middlewares/Third_Party/FatFs/src/ff.o
 *fill*         0x00000000080081d2        0x2 
 .text.check_fs
                0x00000000080081d4       0xac ./Middlewares/Third_Party/FatFs/src/ff.o
 .text.find_volume
                0x0000000008008280      0x510 ./Middlewares/Third_Party/FatFs/src/ff.o
 .text.validate
                0x0000000008008790       0x6a ./Middlewares/Third_Party/FatFs/src/ff.o
 *fill*         0x00000000080087fa        0x2 
 .text.f_mount  0x00000000080087fc       0x8c ./Middlewares/Third_Party/FatFs/src/ff.o
                0x00000000080087fc                f_mount
 .text.f_open   0x0000000008008888      0x398 ./Middlewares/Third_Party/FatFs/src/ff.o
                0x0000000008008888                f_open
 .text.f_write  0x0000000008008c20      0x328 ./Middlewares/Third_Party/FatFs/src/ff.o
                0x0000000008008c20                f_write
 .text.f_sync   0x0000000008008f48       0xfc ./Middlewares/Third_Party/FatFs/src/ff.o
                0x0000000008008f48                f_sync
 .text.f_close  0x0000000008009044       0x54 ./Middlewares/Third_Party/FatFs/src/ff.o
                0x0000000008009044                f_close
 .text.f_lseek  0x0000000008009098      0x448 ./Middlewares/Third_Party/FatFs/src/ff.o
                0x0000000008009098                f_lseek
 .text.putc_bfd
                0x00000000080094e0       0x7a ./Middlewares/Third_Party/FatFs/src/ff.o
 .text.putc_flush
                0x000000000800955a       0x4a ./Middlewares/Third_Party/FatFs/src/ff.o
 .text.putc_init
                0x00000000080095a4       0x28 ./Middlewares/Third_Party/FatFs/src/ff.o
 .text.f_puts   0x00000000080095cc       0x48 ./Middlewares/Third_Party/FatFs/src/ff.o
                0x00000000080095cc                f_puts
 .text.FATFS_LinkDriverEx
                0x0000000008009614       0x94 ./Middlewares/Third_Party/FatFs/src/ff_gen_drv.o
                0x0000000008009614                FATFS_LinkDriverEx
 .text.FATFS_LinkDriver
                0x00000000080096a8       0x1e ./Middlewares/Third_Party/FatFs/src/ff_gen_drv.o
                0x00000000080096a8                FATFS_LinkDriver
 *fill*         0x00000000080096c6        0x2 
 .text.ff_convert
                0x00000000080096c8       0x74 ./Middlewares/Third_Party/FatFs/src/option/ccsbcs.o
                0x00000000080096c8                ff_convert
 .text.ff_wtoupper
                0x000000000800973c      0x110 ./Middlewares/Third_Party/FatFs/src/option/ccsbcs.o
                0x000000000800973c                ff_wtoupper
 .text.__libc_init_array
                0x000000000800984c       0x48 c:/st/stm32cubeide_1.8.0/stm32cubeide/plugins/com.st.stm32cube.ide.mcu.externaltools.gnu-tools-for-stm32.9-2020-q2-update.win32_2.0.0.202105311346/tools/bin/../lib/gcc/arm-none-eabi/9.3.1/../../../../arm-none-eabi/lib/thumb/v7-m/nofp\libc_nano.a(lib_a-init.o)
                0x000000000800984c                __libc_init_array
 .text.memset   0x0000000008009894       0x10 c:/st/stm32cubeide_1.8.0/stm32cubeide/plugins/com.st.stm32cube.ide.mcu.externaltools.gnu-tools-for-stm32.9-2020-q2-update.win32_2.0.0.202105311346/tools/bin/../lib/gcc/arm-none-eabi/9.3.1/../../../../arm-none-eabi/lib/thumb/v7-m/nofp\libc_nano.a(lib_a-memset.o)
                0x0000000008009894                memset
 *(.glue_7)
 .glue_7        0x00000000080098a4        0x0 linker stubs
 *(.glue_7t)
 .glue_7t       0x00000000080098a4        0x0 linker stubs
 *(.eh_frame)
 .eh_frame      0x00000000080098a4        0x0 c:/st/stm32cubeide_1.8.0/stm32cubeide/plugins/com.st.stm32cube.ide.mcu.externaltools.gnu-tools-for-stm32.9-2020-q2-update.win32_2.0.0.202105311346/tools/bin/../lib/gcc/arm-none-eabi/9.3.1/thumb/v7-m/nofp/crtbegin.o
 *(.init)
 .init          0x00000000080098a4        0x4 c:/st/stm32cubeide_1.8.0/stm32cubeide/plugins/com.st.stm32cube.ide.mcu.externaltools.gnu-tools-for-stm32.9-2020-q2-update.win32_2.0.0.202105311346/tools/bin/../lib/gcc/arm-none-eabi/9.3.1/thumb/v7-m/nofp/crti.o
                0x00000000080098a4                _init
 .init          0x00000000080098a8        0x8 c:/st/stm32cubeide_1.8.0/stm32cubeide/plugins/com.st.stm32cube.ide.mcu.externaltools.gnu-tools-for-stm32.9-2020-q2-update.win32_2.0.0.202105311346/tools/bin/../lib/gcc/arm-none-eabi/9.3.1/thumb/v7-m/nofp/crtn.o
 *(.fini)
 .fini          0x00000000080098b0        0x4 c:/st/stm32cubeide_1.8.0/stm32cubeide/plugins/com.st.stm32cube.ide.mcu.externaltools.gnu-tools-for-stm32.9-2020-q2-update.win32_2.0.0.202105311346/tools/bin/../lib/gcc/arm-none-eabi/9.3.1/thumb/v7-m/nofp/crti.o
                0x00000000080098b0                _fini
 .fini          0x00000000080098b4        0x8 c:/st/stm32cubeide_1.8.0/stm32cubeide/plugins/com.st.stm32cube.ide.mcu.externaltools.gnu-tools-for-stm32.9-2020-q2-update.win32_2.0.0.202105311346/tools/bin/../lib/gcc/arm-none-eabi/9.3.1/thumb/v7-m/nofp/crtn.o
                0x00000000080098bc                . = ALIGN (0x4)
                0x00000000080098bc                _etext = .

.vfp11_veneer   0x00000000080098bc        0x0
 .vfp11_veneer  0x00000000080098bc        0x0 linker stubs

.v4_bx          0x00000000080098bc        0x0
 .v4_bx         0x00000000080098bc        0x0 linker stubs

.iplt           0x00000000080098bc        0x0
 .iplt          0x00000000080098bc        0x0 c:/st/stm32cubeide_1.8.0/stm32cubeide/plugins/com.st.stm32cube.ide.mcu.externaltools.gnu-tools-for-stm32.9-2020-q2-update.win32_2.0.0.202105311346/tools/bin/../lib/gcc/arm-none-eabi/9.3.1/thumb/v7-m/nofp/crtbegin.o

.rodata         0x00000000080098bc      0x544
                0x00000000080098bc                . = ALIGN (0x4)
 *(.rodata)
 .rodata        0x00000000080098bc       0x65 ./Core/Src/main.o
 *fill*         0x0000000008009921        0x3 
 .rodata        0x0000000008009924       0x48 ./Middlewares/Third_Party/FatFs/src/ff.o
 *(.rodata*)
 .rodata.pwrMuxEnable
                0x000000000800996c       0x10 ./Core/Src/main.o
                0x000000000800996c                pwrMuxEnable
 .rodata.senseMuxEnable
                0x000000000800997c       0x20 ./Core/Src/main.o
                0x000000000800997c                senseMuxEnable
 .rodata.PLLMulTable
                0x000000000800999c        0x9 ./Core/Src/system_stm32l1xx.o
                0x000000000800999c                PLLMulTable
 *fill*         0x00000000080099a5        0x3 
 .rodata.AHBPrescTable
                0x00000000080099a8       0x10 ./Core/Src/system_stm32l1xx.o
                0x00000000080099a8                AHBPrescTable
 .rodata.APBPrescTable
                0x00000000080099b8        0x8 ./Core/Src/system_stm32l1xx.o
                0x00000000080099b8                APBPrescTable
 .rodata.ExCvt  0x00000000080099c0       0x80 ./Middlewares/Third_Party/FatFs/src/ff.o
 .rodata.LfnOfs
                0x0000000008009a40        0xd ./Middlewares/Third_Party/FatFs/src/ff.o
 *fill*         0x0000000008009a4d        0x3 
 .rodata.Tbl    0x0000000008009a50      0x100 ./Middlewares/Third_Party/FatFs/src/option/ccsbcs.o
 .rodata.cvt1.7039
                0x0000000008009b50      0x1f2 ./Middlewares/Third_Party/FatFs/src/option/ccsbcs.o
 *fill*         0x0000000008009d42        0x2 
 .rodata.cvt2.7040
                0x0000000008009d44       0xbc ./Middlewares/Third_Party/FatFs/src/option/ccsbcs.o
                0x0000000008009e00                . = ALIGN (0x4)

.ARM.extab      0x0000000008009e00        0x0
                0x0000000008009e00                . = ALIGN (0x4)
 *(.ARM.extab* .gnu.linkonce.armextab.*)
                0x0000000008009e00                . = ALIGN (0x4)

.ARM            0x0000000008009e00        0x8
                0x0000000008009e00                . = ALIGN (0x4)
                0x0000000008009e00                __exidx_start = .
 *(.ARM.exidx*)
 .ARM.exidx     0x0000000008009e00        0x8 c:/st/stm32cubeide_1.8.0/stm32cubeide/plugins/com.st.stm32cube.ide.mcu.externaltools.gnu-tools-for-stm32.9-2020-q2-update.win32_2.0.0.202105311346/tools/bin/../lib/gcc/arm-none-eabi/9.3.1/thumb/v7-m/nofp\libgcc.a(_udivmoddi4.o)
                0x0000000008009e08                __exidx_end = .
                0x0000000008009e08                . = ALIGN (0x4)

.rel.dyn        0x0000000008009e08        0x0
 .rel.iplt      0x0000000008009e08        0x0 c:/st/stm32cubeide_1.8.0/stm32cubeide/plugins/com.st.stm32cube.ide.mcu.externaltools.gnu-tools-for-stm32.9-2020-q2-update.win32_2.0.0.202105311346/tools/bin/../lib/gcc/arm-none-eabi/9.3.1/thumb/v7-m/nofp/crtbegin.o

.preinit_array  0x0000000008009e08        0x0
                0x0000000008009e08                . = ALIGN (0x4)
                0x0000000008009e08                PROVIDE (__preinit_array_start = .)
 *(.preinit_array*)
                0x0000000008009e08                PROVIDE (__preinit_array_end = .)
                0x0000000008009e08                . = ALIGN (0x4)

.init_array     0x0000000008009e08        0x4
                0x0000000008009e08                . = ALIGN (0x4)
                0x0000000008009e08                PROVIDE (__init_array_start = .)
 *(SORT_BY_NAME(.init_array.*))
 *(.init_array*)
 .init_array    0x0000000008009e08        0x4 c:/st/stm32cubeide_1.8.0/stm32cubeide/plugins/com.st.stm32cube.ide.mcu.externaltools.gnu-tools-for-stm32.9-2020-q2-update.win32_2.0.0.202105311346/tools/bin/../lib/gcc/arm-none-eabi/9.3.1/thumb/v7-m/nofp/crtbegin.o
                0x0000000008009e0c                PROVIDE (__init_array_end = .)
                0x0000000008009e0c                . = ALIGN (0x4)

.fini_array     0x0000000008009e0c        0x4
                0x0000000008009e0c                . = ALIGN (0x4)
                [!provide]                        PROVIDE (__fini_array_start = .)
 *(SORT_BY_NAME(.fini_array.*))
 *(.fini_array*)
 .fini_array    0x0000000008009e0c        0x4 c:/st/stm32cubeide_1.8.0/stm32cubeide/plugins/com.st.stm32cube.ide.mcu.externaltools.gnu-tools-for-stm32.9-2020-q2-update.win32_2.0.0.202105311346/tools/bin/../lib/gcc/arm-none-eabi/9.3.1/thumb/v7-m/nofp/crtbegin.o
                [!provide]                        PROVIDE (__fini_array_end = .)
                0x0000000008009e10                . = ALIGN (0x4)
                0x0000000008009e10                _sidata = LOADADDR (.data)

.data           0x0000000020000000       0x6c load address 0x0000000008009e10
                0x0000000020000000                . = ALIGN (0x4)
                0x0000000020000000                _sdata = .
 *(.data)
 *(.data*)
 .data.Stat     0x0000000020000000        0x1 ./Core/Src/fatfs_sd.o
 *fill*         0x0000000020000001        0x3 
 .data.pwrMuxType
                0x0000000020000004       0x10 ./Core/Src/main.o
                0x0000000020000004                pwrMuxType
 .data.senseMuxSelect
                0x0000000020000014        0xc ./Core/Src/main.o
                0x0000000020000014                senseMuxSelect
 .data.pwrMuxSelect
                0x0000000020000020        0xc ./Core/Src/main.o
                0x0000000020000020                pwrMuxSelect
 .data.senseMuxType
                0x000000002000002c       0x20 ./Core/Src/main.o
                0x000000002000002c                senseMuxType
 .data.SystemCoreClock
                0x000000002000004c        0x4 ./Core/Src/system_stm32l1xx.o
                0x000000002000004c                SystemCoreClock
 .data.uwTickPrio
                0x0000000020000050        0x4 ./Drivers/STM32L1xx_HAL_Driver/Src/stm32l1xx_hal.o
                0x0000000020000050                uwTickPrio
 .data.uwTickFreq
                0x0000000020000054        0x4 ./Drivers/STM32L1xx_HAL_Driver/Src/stm32l1xx_hal.o
                0x0000000020000054                uwTickFreq
 .data.USER_Driver
                0x0000000020000058       0x14 ./FATFS/Target/user_diskio.o
                0x0000000020000058                USER_Driver
 *(.RamFunc)
 *(.RamFunc*)
                0x000000002000006c                . = ALIGN (0x4)
                0x000000002000006c                _edata = .

.igot.plt       0x000000002000006c        0x0 load address 0x0000000008009e7c
 .igot.plt      0x000000002000006c        0x0 c:/st/stm32cubeide_1.8.0/stm32cubeide/plugins/com.st.stm32cube.ide.mcu.externaltools.gnu-tools-for-stm32.9-2020-q2-update.win32_2.0.0.202105311346/tools/bin/../lib/gcc/arm-none-eabi/9.3.1/thumb/v7-m/nofp/crtbegin.o
                0x000000002000006c                . = ALIGN (0x4)

.bss            0x000000002000006c     0x453c load address 0x0000000008009e7c
                0x000000002000006c                _sbss = .
                0x000000002000006c                __bss_start__ = _sbss
 *(.bss)
 .bss           0x000000002000006c       0x1c c:/st/stm32cubeide_1.8.0/stm32cubeide/plugins/com.st.stm32cube.ide.mcu.externaltools.gnu-tools-for-stm32.9-2020-q2-update.win32_2.0.0.202105311346/tools/bin/../lib/gcc/arm-none-eabi/9.3.1/thumb/v7-m/nofp/crtbegin.o
 *(.bss*)
 .bss.tx_buffer
                0x0000000020000088       0x48 ./Core/Src/UartRingbuffer.o
                0x0000000020000088                tx_buffer
 .bss.CardType  0x00000000200000d0        0x1 ./Core/Src/fatfs_sd.o
 .bss.PowerFlag
                0x00000000200000d1        0x1 ./Core/Src/fatfs_sd.o
 *fill*         0x00000000200000d2        0x2 
 .bss.FatFs     0x00000000200000d4        0x4 ./Middlewares/Third_Party/FatFs/src/ff.o
 .bss.Fsid      0x00000000200000d8        0x2 ./Middlewares/Third_Party/FatFs/src/ff.o
 *fill*         0x00000000200000da        0x2 
 .bss.Files     0x00000000200000dc       0x20 ./Middlewares/Third_Party/FatFs/src/ff.o
 .bss.LfnBuf    0x00000000200000fc      0x200 ./Middlewares/Third_Party/FatFs/src/ff.o
 .bss.disk      0x00000000200002fc        0xc ./Middlewares/Third_Party/FatFs/src/ff_gen_drv.o
                0x00000000200002fc                disk
 *(COMMON)
 COMMON         0x0000000020000308       0x4c ./Core/Src/UartRingbuffer.o
                0x0000000020000308                huart3
                0x000000002000034c                _tx_buffer
                0x0000000020000350                _rx_buffer
 COMMON         0x0000000020000354        0x4 ./Core/Src/fatfs_sd.o
                0x0000000020000354                Timer2
                0x0000000020000356                Timer1
 COMMON         0x0000000020000358     0x21dc ./Core/Src/main.o
                0x0000000020000358                fre_clust
                0x000000002000035c                hspi2
                0x00000000200003b4                fs
                0x00000000200013ec                hi2c1
                0x0000000020001440                free_space
                0x0000000020001444                buffer
                0x00000000200014a8                pfs
                0x00000000200014ac                total
                0x00000000200014b0                hadc
                0x0000000020001504                fil
 COMMON         0x0000000020002534        0x4 ./Drivers/STM32L1xx_HAL_Driver/Src/stm32l1xx_hal.o
                0x0000000020002534                uwTick
 COMMON         0x0000000020002538     0x2070 ./FATFS/App/fatfs.o
                0x0000000020002538                USERPath
                0x000000002000253c                retUSER
                0x0000000020002540                USERFile
                0x0000000020003570                USERFatFS
                0x00000000200045a8                . = ALIGN (0x4)
                0x00000000200045a8                _ebss = .
                0x00000000200045a8                __bss_end__ = _ebss

._user_heap_stack
                0x00000000200045a8      0xa00 load address 0x0000000008009e7c
                0x00000000200045a8                . = ALIGN (0x8)
                [!provide]                        PROVIDE (end = .)
                0x00000000200045a8                PROVIDE (_end = .)
                0x00000000200047a8                . = (. + _Min_Heap_Size)
 *fill*         0x00000000200045a8      0x200 
                0x0000000020004fa8                . = (. + _Min_Stack_Size)
 *fill*         0x00000000200047a8      0x800 
                0x0000000020004fa8                . = ALIGN (0x8)

/DISCARD/
 libc.a(*)
 libm.a(*)
 libgcc.a(*)

.ARM.attributes
                0x0000000000000000       0x29
 *(.ARM.attributes)
 .ARM.attributes
                0x0000000000000000       0x1d c:/st/stm32cubeide_1.8.0/stm32cubeide/plugins/com.st.stm32cube.ide.mcu.externaltools.gnu-tools-for-stm32.9-2020-q2-update.win32_2.0.0.202105311346/tools/bin/../lib/gcc/arm-none-eabi/9.3.1/thumb/v7-m/nofp/crti.o
 .ARM.attributes
                0x000000000000001d       0x2d c:/st/stm32cubeide_1.8.0/stm32cubeide/plugins/com.st.stm32cube.ide.mcu.externaltools.gnu-tools-for-stm32.9-2020-q2-update.win32_2.0.0.202105311346/tools/bin/../lib/gcc/arm-none-eabi/9.3.1/thumb/v7-m/nofp/crtbegin.o
 .ARM.attributes
                0x000000000000004a       0x2d ./Core/Src/UartRingbuffer.o
 .ARM.attributes
                0x0000000000000077       0x2d ./Core/Src/fatfs_sd.o
 .ARM.attributes
                0x00000000000000a4       0x2d ./Core/Src/main.o
 .ARM.attributes
                0x00000000000000d1       0x2d ./Core/Src/stm32l1xx_hal_msp.o
 .ARM.attributes
                0x00000000000000fe       0x2d ./Core/Src/stm32l1xx_it.o
 .ARM.attributes
                0x000000000000012b       0x2d ./Core/Src/system_stm32l1xx.o
 .ARM.attributes
                0x0000000000000158       0x21 ./Core/Startup/startup_stm32l152rbtx.o
 .ARM.attributes
                0x0000000000000179       0x2d ./Drivers/STM32L1xx_HAL_Driver/Src/stm32l1xx_hal.o
 .ARM.attributes
                0x00000000000001a6       0x2d ./Drivers/STM32L1xx_HAL_Driver/Src/stm32l1xx_hal_adc.o
 .ARM.attributes
                0x00000000000001d3       0x2d ./Drivers/STM32L1xx_HAL_Driver/Src/stm32l1xx_hal_cortex.o
 .ARM.attributes
                0x0000000000000200       0x2d ./Drivers/STM32L1xx_HAL_Driver/Src/stm32l1xx_hal_dma.o
 .ARM.attributes
                0x000000000000022d       0x2d ./Drivers/STM32L1xx_HAL_Driver/Src/stm32l1xx_hal_gpio.o
 .ARM.attributes
                0x000000000000025a       0x2d ./Drivers/STM32L1xx_HAL_Driver/Src/stm32l1xx_hal_i2c.o
 .ARM.attributes
                0x0000000000000287       0x2d ./Drivers/STM32L1xx_HAL_Driver/Src/stm32l1xx_hal_rcc.o
 .ARM.attributes
                0x00000000000002b4       0x2d ./Drivers/STM32L1xx_HAL_Driver/Src/stm32l1xx_hal_spi.o
 .ARM.attributes
                0x00000000000002e1       0x2d ./Drivers/STM32L1xx_HAL_Driver/Src/stm32l1xx_hal_uart.o
 .ARM.attributes
                0x000000000000030e       0x2d ./FATFS/App/fatfs.o
 .ARM.attributes
                0x000000000000033b       0x2d ./FATFS/Target/user_diskio.o
 .ARM.attributes
                0x0000000000000368       0x2d ./Middlewares/Third_Party/FatFs/src/diskio.o
 .ARM.attributes
                0x0000000000000395       0x2d ./Middlewares/Third_Party/FatFs/src/ff.o
 .ARM.attributes
                0x00000000000003c2       0x2d ./Middlewares/Third_Party/FatFs/src/ff_gen_drv.o
 .ARM.attributes
                0x00000000000003ef       0x2d ./Middlewares/Third_Party/FatFs/src/option/ccsbcs.o
 .ARM.attributes
                0x000000000000041c       0x2d c:/st/stm32cubeide_1.8.0/stm32cubeide/plugins/com.st.stm32cube.ide.mcu.externaltools.gnu-tools-for-stm32.9-2020-q2-update.win32_2.0.0.202105311346/tools/bin/../lib/gcc/arm-none-eabi/9.3.1/../../../../arm-none-eabi/lib/thumb/v7-m/nofp\libc_nano.a(lib_a-init.o)
 .ARM.attributes
                0x0000000000000449       0x2d c:/st/stm32cubeide_1.8.0/stm32cubeide/plugins/com.st.stm32cube.ide.mcu.externaltools.gnu-tools-for-stm32.9-2020-q2-update.win32_2.0.0.202105311346/tools/bin/../lib/gcc/arm-none-eabi/9.3.1/../../../../arm-none-eabi/lib/thumb/v7-m/nofp\libc_nano.a(lib_a-memset.o)
 .ARM.attributes
                0x0000000000000476       0x1d c:/st/stm32cubeide_1.8.0/stm32cubeide/plugins/com.st.stm32cube.ide.mcu.externaltools.gnu-tools-for-stm32.9-2020-q2-update.win32_2.0.0.202105311346/tools/bin/../lib/gcc/arm-none-eabi/9.3.1/thumb/v7-m/nofp\libgcc.a(_arm_mulsf3.o)
 .ARM.attributes
                0x0000000000000493       0x1d c:/st/stm32cubeide_1.8.0/stm32cubeide/plugins/com.st.stm32cube.ide.mcu.externaltools.gnu-tools-for-stm32.9-2020-q2-update.win32_2.0.0.202105311346/tools/bin/../lib/gcc/arm-none-eabi/9.3.1/thumb/v7-m/nofp\libgcc.a(_arm_addsubsf3.o)
 .ARM.attributes
                0x00000000000004b0       0x1d c:/st/stm32cubeide_1.8.0/stm32cubeide/plugins/com.st.stm32cube.ide.mcu.externaltools.gnu-tools-for-stm32.9-2020-q2-update.win32_2.0.0.202105311346/tools/bin/../lib/gcc/arm-none-eabi/9.3.1/thumb/v7-m/nofp\libgcc.a(_aeabi_uldivmod.o)
 .ARM.attributes
                0x00000000000004cd       0x2d c:/st/stm32cubeide_1.8.0/stm32cubeide/plugins/com.st.stm32cube.ide.mcu.externaltools.gnu-tools-for-stm32.9-2020-q2-update.win32_2.0.0.202105311346/tools/bin/../lib/gcc/arm-none-eabi/9.3.1/thumb/v7-m/nofp\libgcc.a(_udivmoddi4.o)
 .ARM.attributes
                0x00000000000004fa       0x1d c:/st/stm32cubeide_1.8.0/stm32cubeide/plugins/com.st.stm32cube.ide.mcu.externaltools.gnu-tools-for-stm32.9-2020-q2-update.win32_2.0.0.202105311346/tools/bin/../lib/gcc/arm-none-eabi/9.3.1/thumb/v7-m/nofp\libgcc.a(_dvmd_tls.o)
 .ARM.attributes
                0x0000000000000517       0x1d c:/st/stm32cubeide_1.8.0/stm32cubeide/plugins/com.st.stm32cube.ide.mcu.externaltools.gnu-tools-for-stm32.9-2020-q2-update.win32_2.0.0.202105311346/tools/bin/../lib/gcc/arm-none-eabi/9.3.1/thumb/v7-m/nofp/crtn.o
OUTPUT(STM32L152RBT6A_setup.elf elf32-littlearm)
LOAD linker stubs
LOAD c:/st/stm32cubeide_1.8.0/stm32cubeide/plugins/com.st.stm32cube.ide.mcu.externaltools.gnu-tools-for-stm32.9-2020-q2-update.win32_2.0.0.202105311346/tools/bin/../lib/gcc/arm-none-eabi/9.3.1/../../../../arm-none-eabi/lib/thumb/v7-m/nofp\libc.a
LOAD c:/st/stm32cubeide_1.8.0/stm32cubeide/plugins/com.st.stm32cube.ide.mcu.externaltools.gnu-tools-for-stm32.9-2020-q2-update.win32_2.0.0.202105311346/tools/bin/../lib/gcc/arm-none-eabi/9.3.1/../../../../arm-none-eabi/lib/thumb/v7-m/nofp\libm.a
LOAD c:/st/stm32cubeide_1.8.0/stm32cubeide/plugins/com.st.stm32cube.ide.mcu.externaltools.gnu-tools-for-stm32.9-2020-q2-update.win32_2.0.0.202105311346/tools/bin/../lib/gcc/arm-none-eabi/9.3.1/thumb/v7-m/nofp\libgcc.a

.debug_info     0x0000000000000000    0x1729f
 .debug_info    0x0000000000000000     0x140b ./Core/Src/UartRingbuffer.o
 .debug_info    0x000000000000140b      0xc65 ./Core/Src/fatfs_sd.o
 .debug_info    0x0000000000002070     0x27b7 ./Core/Src/main.o
 .debug_info    0x0000000000004827     0x13f9 ./Core/Src/stm32l1xx_hal_msp.o
 .debug_info    0x0000000000005c20      0xc34 ./Core/Src/stm32l1xx_it.o
 .debug_info    0x0000000000006854      0x2f8 ./Core/Src/system_stm32l1xx.o
 .debug_info    0x0000000000006b4c       0x22 ./Core/Startup/startup_stm32l152rbtx.o
 .debug_info    0x0000000000006b6e      0x741 ./Drivers/STM32L1xx_HAL_Driver/Src/stm32l1xx_hal.o
 .debug_info    0x00000000000072af      0xf7e ./Drivers/STM32L1xx_HAL_Driver/Src/stm32l1xx_hal_adc.o
 .debug_info    0x000000000000822d      0xdf6 ./Drivers/STM32L1xx_HAL_Driver/Src/stm32l1xx_hal_cortex.o
 .debug_info    0x0000000000009023      0x7fd ./Drivers/STM32L1xx_HAL_Driver/Src/stm32l1xx_hal_dma.o
 .debug_info    0x0000000000009820      0x704 ./Drivers/STM32L1xx_HAL_Driver/Src/stm32l1xx_hal_gpio.o
 .debug_info    0x0000000000009f24     0x25ee ./Drivers/STM32L1xx_HAL_Driver/Src/stm32l1xx_hal_i2c.o
 .debug_info    0x000000000000c512      0x98d ./Drivers/STM32L1xx_HAL_Driver/Src/stm32l1xx_hal_rcc.o
 .debug_info    0x000000000000ce9f     0x16af ./Drivers/STM32L1xx_HAL_Driver/Src/stm32l1xx_hal_spi.o
 .debug_info    0x000000000000e54e     0x1608 ./Drivers/STM32L1xx_HAL_Driver/Src/stm32l1xx_hal_uart.o
 .debug_info    0x000000000000fb56      0xe81 ./FATFS/App/fatfs.o
 .debug_info    0x00000000000109d7     0x119c ./FATFS/Target/user_diskio.o
 .debug_info    0x0000000000011b73      0xd99 ./Middlewares/Third_Party/FatFs/src/diskio.o
 .debug_info    0x000000000001290c     0x3102 ./Middlewares/Third_Party/FatFs/src/ff.o
 .debug_info    0x0000000000015a0e      0xd2a ./Middlewares/Third_Party/FatFs/src/ff_gen_drv.o
 .debug_info    0x0000000000016738      0xb67 ./Middlewares/Third_Party/FatFs/src/option/ccsbcs.o

.debug_abbrev   0x0000000000000000     0x3302
 .debug_abbrev  0x0000000000000000      0x390 ./Core/Src/UartRingbuffer.o
 .debug_abbrev  0x0000000000000390      0x2be ./Core/Src/fatfs_sd.o
 .debug_abbrev  0x000000000000064e      0x44c ./Core/Src/main.o
 .debug_abbrev  0x0000000000000a9a      0x1f3 ./Core/Src/stm32l1xx_hal_msp.o
 .debug_abbrev  0x0000000000000c8d      0x18e ./Core/Src/stm32l1xx_it.o
 .debug_abbrev  0x0000000000000e1b      0x129 ./Core/Src/system_stm32l1xx.o
 .debug_abbrev  0x0000000000000f44       0x12 ./Core/Startup/startup_stm32l152rbtx.o
 .debug_abbrev  0x0000000000000f56      0x24b ./Drivers/STM32L1xx_HAL_Driver/Src/stm32l1xx_hal.o
 .debug_abbrev  0x00000000000011a1      0x26b ./Drivers/STM32L1xx_HAL_Driver/Src/stm32l1xx_hal_adc.o
 .debug_abbrev  0x000000000000140c      0x33c ./Drivers/STM32L1xx_HAL_Driver/Src/stm32l1xx_hal_cortex.o
 .debug_abbrev  0x0000000000001748      0x210 ./Drivers/STM32L1xx_HAL_Driver/Src/stm32l1xx_hal_dma.o
 .debug_abbrev  0x0000000000001958      0x1f1 ./Drivers/STM32L1xx_HAL_Driver/Src/stm32l1xx_hal_gpio.o
 .debug_abbrev  0x0000000000001b49      0x293 ./Drivers/STM32L1xx_HAL_Driver/Src/stm32l1xx_hal_i2c.o
 .debug_abbrev  0x0000000000001ddc      0x268 ./Drivers/STM32L1xx_HAL_Driver/Src/stm32l1xx_hal_rcc.o
 .debug_abbrev  0x0000000000002044      0x26e ./Drivers/STM32L1xx_HAL_Driver/Src/stm32l1xx_hal_spi.o
 .debug_abbrev  0x00000000000022b2      0x29c ./Drivers/STM32L1xx_HAL_Driver/Src/stm32l1xx_hal_uart.o
 .debug_abbrev  0x000000000000254e      0x209 ./FATFS/App/fatfs.o
 .debug_abbrev  0x0000000000002757      0x22c ./FATFS/Target/user_diskio.o
 .debug_abbrev  0x0000000000002983      0x237 ./Middlewares/Third_Party/FatFs/src/diskio.o
 .debug_abbrev  0x0000000000002bba      0x2e1 ./Middlewares/Third_Party/FatFs/src/ff.o
 .debug_abbrev  0x0000000000002e9b      0x268 ./Middlewares/Third_Party/FatFs/src/ff_gen_drv.o
 .debug_abbrev  0x0000000000003103      0x1ff ./Middlewares/Third_Party/FatFs/src/option/ccsbcs.o

.debug_aranges  0x0000000000000000     0x1138
 .debug_aranges
                0x0000000000000000       0x90 ./Core/Src/UartRingbuffer.o
 .debug_aranges
                0x0000000000000090       0xa8 ./Core/Src/fatfs_sd.o
 .debug_aranges
                0x0000000000000138       0xc0 ./Core/Src/main.o
 .debug_aranges
                0x00000000000001f8       0x60 ./Core/Src/stm32l1xx_hal_msp.o
 .debug_aranges
                0x0000000000000258       0x88 ./Core/Src/stm32l1xx_it.o
 .debug_aranges
                0x00000000000002e0       0x28 ./Core/Src/system_stm32l1xx.o
 .debug_aranges
                0x0000000000000308       0x28 ./Core/Startup/startup_stm32l152rbtx.o
 .debug_aranges
                0x0000000000000330       0xe0 ./Drivers/STM32L1xx_HAL_Driver/Src/stm32l1xx_hal.o
 .debug_aranges
                0x0000000000000410       0xf0 ./Drivers/STM32L1xx_HAL_Driver/Src/stm32l1xx_hal_adc.o
 .debug_aranges
                0x0000000000000500      0x118 ./Drivers/STM32L1xx_HAL_Driver/Src/stm32l1xx_hal_cortex.o
 .debug_aranges
                0x0000000000000618       0x80 ./Drivers/STM32L1xx_HAL_Driver/Src/stm32l1xx_hal_dma.o
 .debug_aranges
                0x0000000000000698       0x58 ./Drivers/STM32L1xx_HAL_Driver/Src/stm32l1xx_hal_gpio.o
 .debug_aranges
                0x00000000000006f0      0x2a0 ./Drivers/STM32L1xx_HAL_Driver/Src/stm32l1xx_hal_i2c.o
 .debug_aranges
                0x0000000000000990       0x90 ./Drivers/STM32L1xx_HAL_Driver/Src/stm32l1xx_hal_rcc.o
 .debug_aranges
                0x0000000000000a20      0x1d0 ./Drivers/STM32L1xx_HAL_Driver/Src/stm32l1xx_hal_spi.o
 .debug_aranges
                0x0000000000000bf0      0x200 ./Drivers/STM32L1xx_HAL_Driver/Src/stm32l1xx_hal_uart.o
 .debug_aranges
                0x0000000000000df0       0x28 ./FATFS/App/fatfs.o
 .debug_aranges
                0x0000000000000e18       0x40 ./FATFS/Target/user_diskio.o
 .debug_aranges
                0x0000000000000e58       0x48 ./Middlewares/Third_Party/FatFs/src/diskio.o
 .debug_aranges
                0x0000000000000ea0      0x230 ./Middlewares/Third_Party/FatFs/src/ff.o
 .debug_aranges
                0x00000000000010d0       0x40 ./Middlewares/Third_Party/FatFs/src/ff_gen_drv.o
 .debug_aranges
                0x0000000000001110       0x28 ./Middlewares/Third_Party/FatFs/src/option/ccsbcs.o

.debug_ranges   0x0000000000000000     0x1050
 .debug_ranges  0x0000000000000000       0x98 ./Core/Src/UartRingbuffer.o
 .debug_ranges  0x0000000000000098       0x98 ./Core/Src/fatfs_sd.o
 .debug_ranges  0x0000000000000130       0xb0 ./Core/Src/main.o
 .debug_ranges  0x00000000000001e0       0x50 ./Core/Src/stm32l1xx_hal_msp.o
 .debug_ranges  0x0000000000000230       0x78 ./Core/Src/stm32l1xx_it.o
 .debug_ranges  0x00000000000002a8       0x18 ./Core/Src/system_stm32l1xx.o
 .debug_ranges  0x00000000000002c0       0x20 ./Core/Startup/startup_stm32l152rbtx.o
 .debug_ranges  0x00000000000002e0       0xd0 ./Drivers/STM32L1xx_HAL_Driver/Src/stm32l1xx_hal.o
 .debug_ranges  0x00000000000003b0       0xe0 ./Drivers/STM32L1xx_HAL_Driver/Src/stm32l1xx_hal_adc.o
 .debug_ranges  0x0000000000000490      0x108 ./Drivers/STM32L1xx_HAL_Driver/Src/stm32l1xx_hal_cortex.o
 .debug_ranges  0x0000000000000598       0x70 ./Drivers/STM32L1xx_HAL_Driver/Src/stm32l1xx_hal_dma.o
 .debug_ranges  0x0000000000000608       0x48 ./Drivers/STM32L1xx_HAL_Driver/Src/stm32l1xx_hal_gpio.o
 .debug_ranges  0x0000000000000650      0x2b8 ./Drivers/STM32L1xx_HAL_Driver/Src/stm32l1xx_hal_i2c.o
 .debug_ranges  0x0000000000000908       0x80 ./Drivers/STM32L1xx_HAL_Driver/Src/stm32l1xx_hal_rcc.o
 .debug_ranges  0x0000000000000988      0x1c0 ./Drivers/STM32L1xx_HAL_Driver/Src/stm32l1xx_hal_spi.o
 .debug_ranges  0x0000000000000b48      0x220 ./Drivers/STM32L1xx_HAL_Driver/Src/stm32l1xx_hal_uart.o
 .debug_ranges  0x0000000000000d68       0x18 ./FATFS/App/fatfs.o
 .debug_ranges  0x0000000000000d80       0x30 ./FATFS/Target/user_diskio.o
 .debug_ranges  0x0000000000000db0       0x38 ./Middlewares/Third_Party/FatFs/src/diskio.o
 .debug_ranges  0x0000000000000de8      0x220 ./Middlewares/Third_Party/FatFs/src/ff.o
 .debug_ranges  0x0000000000001008       0x30 ./Middlewares/Third_Party/FatFs/src/ff_gen_drv.o
 .debug_ranges  0x0000000000001038       0x18 ./Middlewares/Third_Party/FatFs/src/option/ccsbcs.o

.debug_macro    0x0000000000000000    0x16a31
 .debug_macro   0x0000000000000000      0x2a7 ./Core/Src/UartRingbuffer.o
 .debug_macro   0x00000000000002a7      0xa9c ./Core/Src/UartRingbuffer.o
 .debug_macro   0x0000000000000d43      0x11b ./Core/Src/UartRingbuffer.o
 .debug_macro   0x0000000000000e5e       0x2e ./Core/Src/UartRingbuffer.o
 .debug_macro   0x0000000000000e8c       0x22 ./Core/Src/UartRingbuffer.o
 .debug_macro   0x0000000000000eae       0x22 ./Core/Src/UartRingbuffer.o
 .debug_macro   0x0000000000000ed0       0x8e ./Core/Src/UartRingbuffer.o
 .debug_macro   0x0000000000000f5e       0x51 ./Core/Src/UartRingbuffer.o
 .debug_macro   0x0000000000000faf      0x103 ./Core/Src/UartRingbuffer.o
 .debug_macro   0x00000000000010b2       0x6a ./Core/Src/UartRingbuffer.o
 .debug_macro   0x000000000000111c      0x1df ./Core/Src/UartRingbuffer.o
 .debug_macro   0x00000000000012fb       0x1c ./Core/Src/UartRingbuffer.o
 .debug_macro   0x0000000000001317       0x22 ./Core/Src/UartRingbuffer.o
 .debug_macro   0x0000000000001339       0xc3 ./Core/Src/UartRingbuffer.o
 .debug_macro   0x00000000000013fc      0xe49 ./Core/Src/UartRingbuffer.o
 .debug_macro   0x0000000000002245      0x11f ./Core/Src/UartRingbuffer.o
 .debug_macro   0x0000000000002364     0x9bee ./Core/Src/UartRingbuffer.o
 .debug_macro   0x000000000000bf52       0x6d ./Core/Src/UartRingbuffer.o
 .debug_macro   0x000000000000bfbf     0x34ca ./Core/Src/UartRingbuffer.o
 .debug_macro   0x000000000000f489      0x174 ./Core/Src/UartRingbuffer.o
 .debug_macro   0x000000000000f5fd       0x5b ./Core/Src/UartRingbuffer.o
 .debug_macro   0x000000000000f658      0xe38 ./Core/Src/UartRingbuffer.o
 .debug_macro   0x0000000000010490       0xbd ./Core/Src/UartRingbuffer.o
 .debug_macro   0x000000000001054d      0x1b9 ./Core/Src/UartRingbuffer.o
 .debug_macro   0x0000000000010706       0xad ./Core/Src/UartRingbuffer.o
 .debug_macro   0x00000000000107b3      0x21e ./Core/Src/UartRingbuffer.o
 .debug_macro   0x00000000000109d1      0x236 ./Core/Src/UartRingbuffer.o
 .debug_macro   0x0000000000010c07      0x631 ./Core/Src/UartRingbuffer.o
 .debug_macro   0x0000000000011238      0x15e ./Core/Src/UartRingbuffer.o
 .debug_macro   0x0000000000011396      0x108 ./Core/Src/UartRingbuffer.o
 .debug_macro   0x000000000001149e      0x281 ./Core/Src/UartRingbuffer.o
 .debug_macro   0x000000000001171f      0x287 ./Core/Src/UartRingbuffer.o
 .debug_macro   0x00000000000119a6      0x1e9 ./Core/Src/UartRingbuffer.o
 .debug_macro   0x0000000000011b8f       0x22 ./Core/Src/UartRingbuffer.o
 .debug_macro   0x0000000000011bb1      0x217 ./Core/Src/UartRingbuffer.o
 .debug_macro   0x0000000000011dc8      0x295 ./Core/Src/UartRingbuffer.o
 .debug_macro   0x000000000001205d      0x15c ./Core/Src/UartRingbuffer.o
 .debug_macro   0x00000000000121b9      0x3ce ./Core/Src/UartRingbuffer.o
 .debug_macro   0x0000000000012587       0x52 ./Core/Src/UartRingbuffer.o
 .debug_macro   0x00000000000125d9       0x18 ./Core/Src/UartRingbuffer.o
 .debug_macro   0x00000000000125f1       0x3c ./Core/Src/UartRingbuffer.o
 .debug_macro   0x000000000001262d       0x34 ./Core/Src/UartRingbuffer.o
 .debug_macro   0x0000000000012661       0x16 ./Core/Src/UartRingbuffer.o
 .debug_macro   0x0000000000012677       0x43 ./Core/Src/UartRingbuffer.o
 .debug_macro   0x00000000000126ba       0x34 ./Core/Src/UartRingbuffer.o
 .debug_macro   0x00000000000126ee       0x10 ./Core/Src/UartRingbuffer.o
 .debug_macro   0x00000000000126fe       0x58 ./Core/Src/UartRingbuffer.o
 .debug_macro   0x0000000000012756       0x71 ./Core/Src/UartRingbuffer.o
 .debug_macro   0x00000000000127c7       0x1c ./Core/Src/UartRingbuffer.o
 .debug_macro   0x00000000000127e3      0x12a ./Core/Src/UartRingbuffer.o
 .debug_macro   0x000000000001290d      0x333 ./Core/Src/UartRingbuffer.o
 .debug_macro   0x0000000000012c40       0x10 ./Core/Src/UartRingbuffer.o
 .debug_macro   0x0000000000012c50       0x35 ./Core/Src/UartRingbuffer.o
 .debug_macro   0x0000000000012c85       0x20 ./Core/Src/UartRingbuffer.o
 .debug_macro   0x0000000000012ca5      0x1f6 ./Core/Src/fatfs_sd.o
 .debug_macro   0x0000000000012e9b       0x16 ./Core/Src/fatfs_sd.o
 .debug_macro   0x0000000000012eb1       0x7c ./Core/Src/fatfs_sd.o
 .debug_macro   0x0000000000012f2d       0x9a ./Core/Src/fatfs_sd.o
 .debug_macro   0x0000000000012fc7      0x409 ./Core/Src/main.o
 .debug_macro   0x00000000000133d0      0x1c6 ./Core/Src/main.o
 .debug_macro   0x0000000000013596       0xeb ./Core/Src/main.o
 .debug_macro   0x0000000000013681       0x16 ./Core/Src/main.o
 .debug_macro   0x0000000000013697       0x16 ./Core/Src/main.o
 .debug_macro   0x00000000000136ad       0x29 ./Core/Src/main.o
 .debug_macro   0x00000000000136d6       0x12 ./Core/Src/main.o
 .debug_macro   0x00000000000136e8       0xe2 ./Core/Src/main.o
 .debug_macro   0x00000000000137ca       0x8e ./Core/Src/main.o
 .debug_macro   0x0000000000013858       0x1c ./Core/Src/main.o
 .debug_macro   0x0000000000013874       0x10 ./Core/Src/main.o
 .debug_macro   0x0000000000013884       0x10 ./Core/Src/main.o
 .debug_macro   0x0000000000013894       0x1c ./Core/Src/main.o
 .debug_macro   0x00000000000138b0       0x52 ./Core/Src/main.o
 .debug_macro   0x0000000000013902       0x22 ./Core/Src/main.o
 .debug_macro   0x0000000000013924       0x10 ./Core/Src/main.o
 .debug_macro   0x0000000000013934       0x40 ./Core/Src/main.o
 .debug_macro   0x0000000000013974       0xd5 ./Core/Src/main.o
 .debug_macro   0x0000000000013a49       0x1c ./Core/Src/main.o
 .debug_macro   0x0000000000013a65       0x3d ./Core/Src/main.o
 .debug_macro   0x0000000000013aa2       0x16 ./Core/Src/main.o
 .debug_macro   0x0000000000013ab8      0x145 ./Core/Src/main.o
 .debug_macro   0x0000000000013bfd       0x16 ./Core/Src/main.o
 .debug_macro   0x0000000000013c13       0x22 ./Core/Src/main.o
 .debug_macro   0x0000000000013c35       0x10 ./Core/Src/main.o
 .debug_macro   0x0000000000013c45      0x1d2 ./Core/Src/stm32l1xx_hal_msp.o
 .debug_macro   0x0000000000013e17      0x1dc ./Core/Src/stm32l1xx_it.o
 .debug_macro   0x0000000000013ff3      0x1c3 ./Core/Src/system_stm32l1xx.o
 .debug_macro   0x00000000000141b6      0x1e7 ./Drivers/STM32L1xx_HAL_Driver/Src/stm32l1xx_hal.o
 .debug_macro   0x000000000001439d      0x1e0 ./Drivers/STM32L1xx_HAL_Driver/Src/stm32l1xx_hal_adc.o
 .debug_macro   0x000000000001457d      0x1c3 ./Drivers/STM32L1xx_HAL_Driver/Src/stm32l1xx_hal_cortex.o
 .debug_macro   0x0000000000014740      0x1c3 ./Drivers/STM32L1xx_HAL_Driver/Src/stm32l1xx_hal_dma.o
 .debug_macro   0x0000000000014903      0x1ca ./Drivers/STM32L1xx_HAL_Driver/Src/stm32l1xx_hal_gpio.o
 .debug_macro   0x0000000000014acd      0x20a ./Drivers/STM32L1xx_HAL_Driver/Src/stm32l1xx_hal_i2c.o
 .debug_macro   0x0000000000014cd7      0x1d5 ./Drivers/STM32L1xx_HAL_Driver/Src/stm32l1xx_hal_rcc.o
 .debug_macro   0x0000000000014eac      0x1d2 ./Drivers/STM32L1xx_HAL_Driver/Src/stm32l1xx_hal_spi.o
 .debug_macro   0x000000000001507e      0x1c4 ./Drivers/STM32L1xx_HAL_Driver/Src/stm32l1xx_hal_uart.o
 .debug_macro   0x0000000000015242      0x2f7 ./FATFS/App/fatfs.o
 .debug_macro   0x0000000000015539       0xe5 ./FATFS/App/fatfs.o
 .debug_macro   0x000000000001561e      0x31d ./FATFS/Target/user_diskio.o
 .debug_macro   0x000000000001593b       0xbd ./FATFS/Target/user_diskio.o
 .debug_macro   0x00000000000159f8       0x55 ./FATFS/Target/user_diskio.o
 .debug_macro   0x0000000000015a4d      0x2e4 ./Middlewares/Third_Party/FatFs/src/diskio.o
 .debug_macro   0x0000000000015d31      0x6f2 ./Middlewares/Third_Party/FatFs/src/ff.o
 .debug_macro   0x0000000000016423       0x58 ./Middlewares/Third_Party/FatFs/src/ff.o
 .debug_macro   0x000000000001647b      0x2e4 ./Middlewares/Third_Party/FatFs/src/ff_gen_drv.o
 .debug_macro   0x000000000001675f      0x2d2 ./Middlewares/Third_Party/FatFs/src/option/ccsbcs.o

.debug_line     0x0000000000000000    0x167e8
 .debug_line    0x0000000000000000      0xdf9 ./Core/Src/UartRingbuffer.o
 .debug_line    0x0000000000000df9      0xdef ./Core/Src/fatfs_sd.o
 .debug_line    0x0000000000001be8      0xefb ./Core/Src/main.o
 .debug_line    0x0000000000002ae3      0x830 ./Core/Src/stm32l1xx_hal_msp.o
 .debug_line    0x0000000000003313      0x822 ./Core/Src/stm32l1xx_it.o
 .debug_line    0x0000000000003b35      0x779 ./Core/Src/system_stm32l1xx.o
 .debug_line    0x00000000000042ae       0x87 ./Core/Startup/startup_stm32l152rbtx.o
 .debug_line    0x0000000000004335      0x99e ./Drivers/STM32L1xx_HAL_Driver/Src/stm32l1xx_hal.o
 .debug_line    0x0000000000004cd3      0xf87 ./Drivers/STM32L1xx_HAL_Driver/Src/stm32l1xx_hal_adc.o
 .debug_line    0x0000000000005c5a      0xc6b ./Drivers/STM32L1xx_HAL_Driver/Src/stm32l1xx_hal_cortex.o
 .debug_line    0x00000000000068c5      0xbe8 ./Drivers/STM32L1xx_HAL_Driver/Src/stm32l1xx_hal_dma.o
 .debug_line    0x00000000000074ad      0x9f0 ./Drivers/STM32L1xx_HAL_Driver/Src/stm32l1xx_hal_gpio.o
 .debug_line    0x0000000000007e9d     0x3909 ./Drivers/STM32L1xx_HAL_Driver/Src/stm32l1xx_hal_i2c.o
 .debug_line    0x000000000000b7a6      0xea5 ./Drivers/STM32L1xx_HAL_Driver/Src/stm32l1xx_hal_rcc.o
 .debug_line    0x000000000000c64b     0x1c30 ./Drivers/STM32L1xx_HAL_Driver/Src/stm32l1xx_hal_spi.o
 .debug_line    0x000000000000e27b     0x1a7a ./Drivers/STM32L1xx_HAL_Driver/Src/stm32l1xx_hal_uart.o
 .debug_line    0x000000000000fcf5      0x8c8 ./FATFS/App/fatfs.o
 .debug_line    0x00000000000105bd      0x92c ./FATFS/Target/user_diskio.o
 .debug_line    0x0000000000010ee9      0x937 ./Middlewares/Third_Party/FatFs/src/diskio.o
 .debug_line    0x0000000000011820     0x3cde ./Middlewares/Third_Party/FatFs/src/ff.o
 .debug_line    0x00000000000154fe      0x955 ./Middlewares/Third_Party/FatFs/src/ff_gen_drv.o
 .debug_line    0x0000000000015e53      0x995 ./Middlewares/Third_Party/FatFs/src/option/ccsbcs.o

.debug_str      0x0000000000000000    0x83555
 .debug_str     0x0000000000000000    0x7c965 ./Core/Src/UartRingbuffer.o
                                      0x7cd1d (size before relaxing)
 .debug_str     0x000000000007c965      0x647 ./Core/Src/fatfs_sd.o
                                      0x79dc6 (size before relaxing)
 .debug_str     0x000000000007cfac     0x26af ./Core/Src/main.o
                                      0x7f7d7 (size before relaxing)
 .debug_str     0x000000000007f65b      0x386 ./Core/Src/stm32l1xx_hal_msp.o
                                      0x7aa4a (size before relaxing)
 .debug_str     0x000000000007f9e1      0x114 ./Core/Src/stm32l1xx_it.o
                                      0x7a53b (size before relaxing)
 .debug_str     0x000000000007faf5       0x61 ./Core/Src/system_stm32l1xx.o
                                      0x795be (size before relaxing)
 .debug_str     0x000000000007fb56       0x36 ./Core/Startup/startup_stm32l152rbtx.o
                                         0x9c (size before relaxing)
 .debug_str     0x000000000007fb8c      0x2eb ./Drivers/STM32L1xx_HAL_Driver/Src/stm32l1xx_hal.o
                                      0x79c1a (size before relaxing)
 .debug_str     0x000000000007fe77      0x335 ./Drivers/STM32L1xx_HAL_Driver/Src/stm32l1xx_hal_adc.o
                                      0x79d23 (size before relaxing)
 .debug_str     0x00000000000801ac      0x3e6 ./Drivers/STM32L1xx_HAL_Driver/Src/stm32l1xx_hal_cortex.o
                                      0x79d4c (size before relaxing)
 .debug_str     0x0000000000080592      0x252 ./Drivers/STM32L1xx_HAL_Driver/Src/stm32l1xx_hal_dma.o
                                      0x79981 (size before relaxing)
 .debug_str     0x00000000000807e4      0x14b ./Drivers/STM32L1xx_HAL_Driver/Src/stm32l1xx_hal_gpio.o
                                      0x7979b (size before relaxing)
 .debug_str     0x000000000008092f      0xab3 ./Drivers/STM32L1xx_HAL_Driver/Src/stm32l1xx_hal_i2c.o
                                      0x7a5b0 (size before relaxing)
 .debug_str     0x00000000000813e2      0x28a ./Drivers/STM32L1xx_HAL_Driver/Src/stm32l1xx_hal_rcc.o
                                      0x79a2d (size before relaxing)
 .debug_str     0x000000000008166c      0x554 ./Drivers/STM32L1xx_HAL_Driver/Src/stm32l1xx_hal_spi.o
                                      0x79eb9 (size before relaxing)
 .debug_str     0x0000000000081bc0      0x5d4 ./Drivers/STM32L1xx_HAL_Driver/Src/stm32l1xx_hal_uart.o
                                      0x79f7e (size before relaxing)
 .debug_str     0x0000000000082194       0x2f ./FATFS/App/fatfs.o
                                      0x7d6e0 (size before relaxing)
 .debug_str     0x00000000000821c3       0x6d ./FATFS/Target/user_diskio.o
                                      0x7dba8 (size before relaxing)
 .debug_str     0x0000000000082230       0x52 ./Middlewares/Third_Party/FatFs/src/diskio.o
                                      0x7d5ed (size before relaxing)
 .debug_str     0x0000000000082282     0x11d1 ./Middlewares/Third_Party/FatFs/src/ff.o
                                      0x7e89f (size before relaxing)
 .debug_str     0x0000000000083453       0xa2 ./Middlewares/Third_Party/FatFs/src/ff_gen_drv.o
                                      0x7d63e (size before relaxing)
 .debug_str     0x00000000000834f5       0x60 ./Middlewares/Third_Party/FatFs/src/option/ccsbcs.o
                                      0x7d3d4 (size before relaxing)

.comment        0x0000000000000000       0x53
 .comment       0x0000000000000000       0x53 ./Core/Src/UartRingbuffer.o
                                         0x54 (size before relaxing)
 .comment       0x0000000000000053       0x54 ./Core/Src/fatfs_sd.o
 .comment       0x0000000000000053       0x54 ./Core/Src/main.o
 .comment       0x0000000000000053       0x54 ./Core/Src/stm32l1xx_hal_msp.o
 .comment       0x0000000000000053       0x54 ./Core/Src/stm32l1xx_it.o
 .comment       0x0000000000000053       0x54 ./Core/Src/system_stm32l1xx.o
 .comment       0x0000000000000053       0x54 ./Drivers/STM32L1xx_HAL_Driver/Src/stm32l1xx_hal.o
 .comment       0x0000000000000053       0x54 ./Drivers/STM32L1xx_HAL_Driver/Src/stm32l1xx_hal_adc.o
 .comment       0x0000000000000053       0x54 ./Drivers/STM32L1xx_HAL_Driver/Src/stm32l1xx_hal_cortex.o
 .comment       0x0000000000000053       0x54 ./Drivers/STM32L1xx_HAL_Driver/Src/stm32l1xx_hal_dma.o
 .comment       0x0000000000000053       0x54 ./Drivers/STM32L1xx_HAL_Driver/Src/stm32l1xx_hal_gpio.o
 .comment       0x0000000000000053       0x54 ./Drivers/STM32L1xx_HAL_Driver/Src/stm32l1xx_hal_i2c.o
 .comment       0x0000000000000053       0x54 ./Drivers/STM32L1xx_HAL_Driver/Src/stm32l1xx_hal_rcc.o
 .comment       0x0000000000000053       0x54 ./Drivers/STM32L1xx_HAL_Driver/Src/stm32l1xx_hal_spi.o
 .comment       0x0000000000000053       0x54 ./Drivers/STM32L1xx_HAL_Driver/Src/stm32l1xx_hal_uart.o
 .comment       0x0000000000000053       0x54 ./FATFS/App/fatfs.o
 .comment       0x0000000000000053       0x54 ./FATFS/Target/user_diskio.o
 .comment       0x0000000000000053       0x54 ./Middlewares/Third_Party/FatFs/src/diskio.o
 .comment       0x0000000000000053       0x54 ./Middlewares/Third_Party/FatFs/src/ff.o
 .comment       0x0000000000000053       0x54 ./Middlewares/Third_Party/FatFs/src/ff_gen_drv.o
 .comment       0x0000000000000053       0x54 ./Middlewares/Third_Party/FatFs/src/option/ccsbcs.o

.debug_frame    0x0000000000000000     0x4800
 .debug_frame   0x0000000000000000      0x224 ./Core/Src/UartRingbuffer.o
 .debug_frame   0x0000000000000224      0x28c ./Core/Src/fatfs_sd.o
 .debug_frame   0x00000000000004b0      0x2e4 ./Core/Src/main.o
 .debug_frame   0x0000000000000794      0x154 ./Core/Src/stm32l1xx_hal_msp.o
 .debug_frame   0x00000000000008e8      0x194 ./Core/Src/stm32l1xx_it.o
 .debug_frame   0x0000000000000a7c       0x58 ./Core/Src/system_stm32l1xx.o
 .debug_frame   0x0000000000000ad4      0x33c ./Drivers/STM32L1xx_HAL_Driver/Src/stm32l1xx_hal.o
 .debug_frame   0x0000000000000e10      0x40c ./Drivers/STM32L1xx_HAL_Driver/Src/stm32l1xx_hal_adc.o
 .debug_frame   0x000000000000121c      0x498 ./Drivers/STM32L1xx_HAL_Driver/Src/stm32l1xx_hal_cortex.o
 .debug_frame   0x00000000000016b4      0x204 ./Drivers/STM32L1xx_HAL_Driver/Src/stm32l1xx_hal_dma.o
 .debug_frame   0x00000000000018b8      0x14c ./Drivers/STM32L1xx_HAL_Driver/Src/stm32l1xx_hal_gpio.o
 .debug_frame   0x0000000000001a04      0xc5c ./Drivers/STM32L1xx_HAL_Driver/Src/stm32l1xx_hal_i2c.o
 .debug_frame   0x0000000000002660      0x21c ./Drivers/STM32L1xx_HAL_Driver/Src/stm32l1xx_hal_rcc.o
 .debug_frame   0x000000000000287c      0x824 ./Drivers/STM32L1xx_HAL_Driver/Src/stm32l1xx_hal_spi.o
 .debug_frame   0x00000000000030a0      0x914 ./Drivers/STM32L1xx_HAL_Driver/Src/stm32l1xx_hal_uart.o
 .debug_frame   0x00000000000039b4       0x4c ./FATFS/App/fatfs.o
 .debug_frame   0x0000000000003a00       0xc4 ./FATFS/Target/user_diskio.o
 .debug_frame   0x0000000000003ac4       0xec ./Middlewares/Third_Party/FatFs/src/diskio.o
 .debug_frame   0x0000000000003bb0      0xa0c ./Middlewares/Third_Party/FatFs/src/ff.o
 .debug_frame   0x00000000000045bc       0xc8 ./Middlewares/Third_Party/FatFs/src/ff_gen_drv.o
 .debug_frame   0x0000000000004684       0x60 ./Middlewares/Third_Party/FatFs/src/option/ccsbcs.o
 .debug_frame   0x00000000000046e4       0x2c c:/st/stm32cubeide_1.8.0/stm32cubeide/plugins/com.st.stm32cube.ide.mcu.externaltools.gnu-tools-for-stm32.9-2020-q2-update.win32_2.0.0.202105311346/tools/bin/../lib/gcc/arm-none-eabi/9.3.1/../../../../arm-none-eabi/lib/thumb/v7-m/nofp\libc_nano.a(lib_a-init.o)
 .debug_frame   0x0000000000004710       0x20 c:/st/stm32cubeide_1.8.0/stm32cubeide/plugins/com.st.stm32cube.ide.mcu.externaltools.gnu-tools-for-stm32.9-2020-q2-update.win32_2.0.0.202105311346/tools/bin/../lib/gcc/arm-none-eabi/9.3.1/../../../../arm-none-eabi/lib/thumb/v7-m/nofp\libc_nano.a(lib_a-memset.o)
 .debug_frame   0x0000000000004730       0x24 c:/st/stm32cubeide_1.8.0/stm32cubeide/plugins/com.st.stm32cube.ide.mcu.externaltools.gnu-tools-for-stm32.9-2020-q2-update.win32_2.0.0.202105311346/tools/bin/../lib/gcc/arm-none-eabi/9.3.1/thumb/v7-m/nofp\libgcc.a(_arm_mulsf3.o)
 .debug_frame   0x0000000000004754       0x4c c:/st/stm32cubeide_1.8.0/stm32cubeide/plugins/com.st.stm32cube.ide.mcu.externaltools.gnu-tools-for-stm32.9-2020-q2-update.win32_2.0.0.202105311346/tools/bin/../lib/gcc/arm-none-eabi/9.3.1/thumb/v7-m/nofp\libgcc.a(_arm_addsubsf3.o)
 .debug_frame   0x00000000000047a0       0x2c c:/st/stm32cubeide_1.8.0/stm32cubeide/plugins/com.st.stm32cube.ide.mcu.externaltools.gnu-tools-for-stm32.9-2020-q2-update.win32_2.0.0.202105311346/tools/bin/../lib/gcc/arm-none-eabi/9.3.1/thumb/v7-m/nofp\libgcc.a(_aeabi_uldivmod.o)
 .debug_frame   0x00000000000047cc       0x34 c:/st/stm32cubeide_1.8.0/stm32cubeide/plugins/com.st.stm32cube.ide.mcu.externaltools.gnu-tools-for-stm32.9-2020-q2-update.win32_2.0.0.202105311346/tools/bin/../lib/gcc/arm-none-eabi/9.3.1/thumb/v7-m/nofp\libgcc.a(_udivmoddi4.o)
